octave:5> x = @(t) (a + b)*cost(t) - b*cos((a / b + 1) * t)
x =

@(t) (a + b) * cost (t) - b * cos ((a / b + 1) * t)

octave:6> y = @(t) (a + b) * sin(t) * b * sin((a / b + 1) * t)
y =

@(t) (a + b) * sin (t) * b * sin ((a / b + 1) * t)

octave:7> a = 2
a =  2
octave:8> b = 1
b =  1
octave:9> a
a =  2
octave:10> x(1)
error: called from
    @<anonymous> at line 1 column 26
error: 'a' undefined near line 1 column 11
octave:10> x
x =

@(t) (a + b) * cost (t) - b * cos ((a / b + 1) * t)

octave:11> a
a =  2
octave:12> b
b =  1
octave:13> a
a =  2
octave:14> x(1)
error: called from
    @<anonymous> at line 1 column 26
error: 'a' undefined near line 1 column 11
octave:14> x = @(t) (a + b)*cost(t) - b*cos((a / b + 1) * t)
x =

@(t) (a + b) * cost (t) - b * cos ((a / b + 1) * t)

octave:15> y = @(t) (a + b) * sin(t) * b * sin((a / b + 1) * t)
y =

@(t) (a + b) * sin (t) * b * sin ((a / b + 1) * t)

octave:16> x(1)
error: called from
    @<anonymous> at line 1 column 26
error: 'cost' undefined near line 1 column 18
octave:16> x(2)
error: called from
    @<anonymous> at line 1 column 26
error: 'cost' undefined near line 1 column 18
octave:16> x = @(t) (a + b)*cos(t) - b*cos((a / b + 1) * t)
x =

@(t) (a + b) * cos (t) - b * cos ((a / b + 1) * t)

octave:17> x(1)
ans =  2.6109
octave:18> y(1)
ans =  0.35625
octave:19> t = 0:0.01:10*pi
t =

 Columns 1 through 8:

     0.00000     0.01000     0.02000     0.03000     0.04000     0.05000     0.06000     0.07000

 Columns 9 through 16:

     0.08000     0.09000     0.10000     0.11000     0.12000     0.13000     0.14000     0.15000

 Columns 17 through 24:

     0.16000     0.17000     0.18000     0.19000     0.20000     0.21000     0.22000     0.23000

 Columns 25 through 32:

     0.24000     0.25000     0.26000     0.27000     0.28000     0.29000     0.30000     0.31000

 Columns 33 through 40:

     0.32000     0.33000     0.34000     0.35000     0.36000     0.37000     0.38000     0.39000

 Columns 41 through 48:

     0.40000     0.41000     0.42000     0.43000     0.44000     0.45000     0.46000     0.47000

 Columns 49 through 56:

     0.48000     0.49000     0.50000     0.51000     0.52000     0.53000     0.54000     0.55000

 Columns 57 through 64:

     0.56000     0.57000     0.58000     0.59000     0.60000     0.61000     0.62000     0.63000

 Columns 65 through 72:

     0.64000     0.65000     0.66000     0.67000     0.68000     0.69000     0.70000     0.71000

 Columns 73 through 80:

     0.72000     0.73000     0.74000     0.75000     0.76000     0.77000     0.78000     0.79000

 Columns 81 through 88:

     0.80000     0.81000     0.82000     0.83000     0.84000     0.85000     0.86000     0.87000

 Columns 89 through 96:

     0.88000     0.89000     0.90000     0.91000     0.92000     0.93000     0.94000     0.95000

 Columns 97 through 104:

     0.96000     0.97000     0.98000     0.99000     1.00000     1.01000     1.02000     1.03000

 Columns 105 through 112:

     1.04000     1.05000     1.06000     1.07000     1.08000     1.09000     1.10000     1.11000

 Columns 113 through 120:

     1.12000     1.13000     1.14000     1.15000     1.16000     1.17000     1.18000     1.19000

 Columns 121 through 128:

     1.20000     1.21000     1.22000     1.23000     1.24000     1.25000     1.26000     1.27000

 Columns 129 through 136:

     1.28000     1.29000     1.30000     1.31000     1.32000     1.33000     1.34000     1.35000

 Columns 137 through 144:

     1.36000     1.37000     1.38000     1.39000     1.40000     1.41000     1.42000     1.43000

 Columns 145 through 152:

     1.44000     1.45000     1.46000     1.47000     1.48000     1.49000     1.50000     1.51000

 Columns 153 through 160:

     1.52000     1.53000     1.54000     1.55000     1.56000     1.57000     1.58000     1.59000

 Columns 161 through 168:

     1.60000     1.61000     1.62000     1.63000     1.64000     1.65000     1.66000     1.67000

 Columns 169 through 176:

     1.68000     1.69000     1.70000     1.71000     1.72000     1.73000     1.74000     1.75000

 Columns 177 through 184:

     1.76000     1.77000     1.78000     1.79000     1.80000     1.81000     1.82000     1.83000

 Columns 185 through 192:

     1.84000     1.85000     1.86000     1.87000     1.88000     1.89000     1.90000     1.91000

 Columns 193 through 200:

     1.92000     1.93000     1.94000     1.95000     1.96000     1.97000     1.98000     1.99000

 Columns 201 through 208:

     2.00000     2.01000     2.02000     2.03000     2.04000     2.05000     2.06000     2.07000

 Columns 209 through 216:

     2.08000     2.09000     2.10000     2.11000     2.12000     2.13000     2.14000     2.15000

 Columns 217 through 224:

     2.16000     2.17000     2.18000     2.19000     2.20000     2.21000     2.22000     2.23000

 Columns 225 through 232:

     2.24000     2.25000     2.26000     2.27000     2.28000     2.29000     2.30000     2.31000

 Columns 233 through 240:

     2.32000     2.33000     2.34000     2.35000     2.36000     2.37000     2.38000     2.39000

 Columns 241 through 248:

     2.40000     2.41000     2.42000     2.43000     2.44000     2.45000     2.46000     2.47000

 Columns 249 through 256:

     2.48000     2.49000     2.50000     2.51000     2.52000     2.53000     2.54000     2.55000

 Columns 257 through 264:

     2.56000     2.57000     2.58000     2.59000     2.60000     2.61000     2.62000     2.63000

 Columns 265 through 272:

     2.64000     2.65000     2.66000     2.67000     2.68000     2.69000     2.70000     2.71000

 Columns 273 through 280:

     2.72000     2.73000     2.74000     2.75000     2.76000     2.77000     2.78000     2.79000

 Columns 281 through 288:

     2.80000     2.81000     2.82000     2.83000     2.84000     2.85000     2.86000     2.87000

 Columns 289 through 296:

     2.88000     2.89000     2.90000     2.91000     2.92000     2.93000     2.94000     2.95000

 Columns 297 through 304:

     2.96000     2.97000     2.98000     2.99000     3.00000     3.01000     3.02000     3.03000

 Columns 305 through 312:

     3.04000     3.05000     3.06000     3.07000     3.08000     3.09000     3.10000     3.11000

 Columns 313 through 320:

     3.12000     3.13000     3.14000     3.15000     3.16000     3.17000     3.18000     3.19000

 Columns 321 through 328:

     3.20000     3.21000     3.22000     3.23000     3.24000     3.25000     3.26000     3.27000

 Columns 329 through 336:

     3.28000     3.29000     3.30000     3.31000     3.32000     3.33000     3.34000     3.35000

 Columns 337 through 344:

     3.36000     3.37000     3.38000     3.39000     3.40000     3.41000     3.42000     3.43000

 Columns 345 through 352:

     3.44000     3.45000     3.46000     3.47000     3.48000     3.49000     3.50000     3.51000

 Columns 353 through 360:

     3.52000     3.53000     3.54000     3.55000     3.56000     3.57000     3.58000     3.59000

 Columns 361 through 368:

     3.60000     3.61000     3.62000     3.63000     3.64000     3.65000     3.66000     3.67000

 Columns 369 through 376:

     3.68000     3.69000     3.70000     3.71000     3.72000     3.73000     3.74000     3.75000

 Columns 377 through 384:

     3.76000     3.77000     3.78000     3.79000     3.80000     3.81000     3.82000     3.83000

 Columns 385 through 392:

     3.84000     3.85000     3.86000     3.87000     3.88000     3.89000     3.90000     3.91000

 Columns 393 through 400:

     3.92000     3.93000     3.94000     3.95000     3.96000     3.97000     3.98000     3.99000

 Columns 401 through 408:

     4.00000     4.01000     4.02000     4.03000     4.04000     4.05000     4.06000     4.07000

 Columns 409 through 416:

     4.08000     4.09000     4.10000     4.11000     4.12000     4.13000     4.14000     4.15000

 Columns 417 through 424:

     4.16000     4.17000     4.18000     4.19000     4.20000     4.21000     4.22000     4.23000

 Columns 425 through 432:

     4.24000     4.25000     4.26000     4.27000     4.28000     4.29000     4.30000     4.31000

 Columns 433 through 440:

     4.32000     4.33000     4.34000     4.35000     4.36000     4.37000     4.38000     4.39000

 Columns 441 through 448:

     4.40000     4.41000     4.42000     4.43000     4.44000     4.45000     4.46000     4.47000

 Columns 449 through 456:

     4.48000     4.49000     4.50000     4.51000     4.52000     4.53000     4.54000     4.55000

 Columns 457 through 464:

     4.56000     4.57000     4.58000     4.59000     4.60000     4.61000     4.62000     4.63000

 Columns 465 through 472:

     4.64000     4.65000     4.66000     4.67000     4.68000     4.69000     4.70000     4.71000

 Columns 473 through 480:

     4.72000     4.73000     4.74000     4.75000     4.76000     4.77000     4.78000     4.79000

 Columns 481 through 488:

     4.80000     4.81000     4.82000     4.83000     4.84000     4.85000     4.86000     4.87000

 Columns 489 through 496:

     4.88000     4.89000     4.90000     4.91000     4.92000     4.93000     4.94000     4.95000

 Columns 497 through 504:

     4.96000     4.97000     4.98000     4.99000     5.00000     5.01000     5.02000     5.03000

 Columns 505 through 512:

     5.04000     5.05000     5.06000     5.07000     5.08000     5.09000     5.10000     5.11000

 Columns 513 through 520:

     5.12000     5.13000     5.14000     5.15000     5.16000     5.17000     5.18000     5.19000

 Columns 521 through 528:

     5.20000     5.21000     5.22000     5.23000     5.24000     5.25000     5.26000     5.27000

 Columns 529 through 536:

     5.28000     5.29000     5.30000     5.31000     5.32000     5.33000     5.34000     5.35000

 Columns 537 through 544:

     5.36000     5.37000     5.38000     5.39000     5.40000     5.41000     5.42000     5.43000

 Columns 545 through 552:

     5.44000     5.45000     5.46000     5.47000     5.48000     5.49000     5.50000     5.51000

 Columns 553 through 560:

     5.52000     5.53000     5.54000     5.55000     5.56000     5.57000     5.58000     5.59000

 Columns 561 through 568:

     5.60000     5.61000     5.62000     5.63000     5.64000     5.65000     5.66000     5.67000

 Columns 569 through 576:

     5.68000     5.69000     5.70000     5.71000     5.72000     5.73000     5.74000     5.75000

 Columns 577 through 584:

     5.76000     5.77000     5.78000     5.79000     5.80000     5.81000     5.82000     5.83000

 Columns 585 through 592:

     5.84000     5.85000     5.86000     5.87000     5.88000     5.89000     5.90000     5.91000

 Columns 593 through 600:

     5.92000     5.93000     5.94000     5.95000     5.96000     5.97000     5.98000     5.99000

 Columns 601 through 608:

     6.00000     6.01000     6.02000     6.03000     6.04000     6.05000     6.06000     6.07000

 Columns 609 through 616:

     6.08000     6.09000     6.10000     6.11000     6.12000     6.13000     6.14000     6.15000

 Columns 617 through 624:

     6.16000     6.17000     6.18000     6.19000     6.20000     6.21000     6.22000     6.23000

 Columns 625 through 632:

     6.24000     6.25000     6.26000     6.27000     6.28000     6.29000     6.30000     6.31000

 Columns 633 through 640:

     6.32000     6.33000     6.34000     6.35000     6.36000     6.37000     6.38000     6.39000

 Columns 641 through 648:

     6.40000     6.41000     6.42000     6.43000     6.44000     6.45000     6.46000     6.47000

 Columns 649 through 656:

     6.48000     6.49000     6.50000     6.51000     6.52000     6.53000     6.54000     6.55000

 Columns 657 through 664:

     6.56000     6.57000     6.58000     6.59000     6.60000     6.61000     6.62000     6.63000

 Columns 665 through 672:

     6.64000     6.65000     6.66000     6.67000     6.68000     6.69000     6.70000     6.71000

 Columns 673 through 680:

     6.72000     6.73000     6.74000     6.75000     6.76000     6.77000     6.78000     6.79000

 Columns 681 through 688:

     6.80000     6.81000     6.82000     6.83000     6.84000     6.85000     6.86000     6.87000

 Columns 689 through 696:

     6.88000     6.89000     6.90000     6.91000     6.92000     6.93000     6.94000     6.95000

 Columns 697 through 704:

     6.96000     6.97000     6.98000     6.99000     7.00000     7.01000     7.02000     7.03000

 Columns 705 through 712:

     7.04000     7.05000     7.06000     7.07000     7.08000     7.09000     7.10000     7.11000

 Columns 713 through 720:

     7.12000     7.13000     7.14000     7.15000     7.16000     7.17000     7.18000     7.19000

 Columns 721 through 728:

     7.20000     7.21000     7.22000     7.23000     7.24000     7.25000     7.26000     7.27000

 Columns 729 through 736:

     7.28000     7.29000     7.30000     7.31000     7.32000     7.33000     7.34000     7.35000

 Columns 737 through 744:

     7.36000     7.37000     7.38000     7.39000     7.40000     7.41000     7.42000     7.43000

 Columns 745 through 752:

     7.44000     7.45000     7.46000     7.47000     7.48000     7.49000     7.50000     7.51000

 Columns 753 through 760:

     7.52000     7.53000     7.54000     7.55000     7.56000     7.57000     7.58000     7.59000

 Columns 761 through 768:

     7.60000     7.61000     7.62000     7.63000     7.64000     7.65000     7.66000     7.67000

 Columns 769 through 776:

     7.68000     7.69000     7.70000     7.71000     7.72000     7.73000     7.74000     7.75000

 Columns 777 through 784:

     7.76000     7.77000     7.78000     7.79000     7.80000     7.81000     7.82000     7.83000

 Columns 785 through 792:

     7.84000     7.85000     7.86000     7.87000     7.88000     7.89000     7.90000     7.91000

 Columns 793 through 800:

     7.92000     7.93000     7.94000     7.95000     7.96000     7.97000     7.98000     7.99000

 Columns 801 through 808:

     8.00000     8.01000     8.02000     8.03000     8.04000     8.05000     8.06000     8.07000

 Columns 809 through 816:

     8.08000     8.09000     8.10000     8.11000     8.12000     8.13000     8.14000     8.15000

 Columns 817 through 824:

     8.16000     8.17000     8.18000     8.19000     8.20000     8.21000     8.22000     8.23000

 Columns 825 through 832:

     8.24000     8.25000     8.26000     8.27000     8.28000     8.29000     8.30000     8.31000

 Columns 833 through 840:

     8.32000     8.33000     8.34000     8.35000     8.36000     8.37000     8.38000     8.39000

 Columns 841 through 848:

     8.40000     8.41000     8.42000     8.43000     8.44000     8.45000     8.46000     8.47000

 Columns 849 through 856:

     8.48000     8.49000     8.50000     8.51000     8.52000     8.53000     8.54000     8.55000

 Columns 857 through 864:

     8.56000     8.57000     8.58000     8.59000     8.60000     8.61000     8.62000     8.63000

 Columns 865 through 872:

     8.64000     8.65000     8.66000     8.67000     8.68000     8.69000     8.70000     8.71000

 Columns 873 through 880:

     8.72000     8.73000     8.74000     8.75000     8.76000     8.77000     8.78000     8.79000

 Columns 881 through 888:

     8.80000     8.81000     8.82000     8.83000     8.84000     8.85000     8.86000     8.87000

 Columns 889 through 896:

     8.88000     8.89000     8.90000     8.91000     8.92000     8.93000     8.94000     8.95000

 Columns 897 through 904:

     8.96000     8.97000     8.98000     8.99000     9.00000     9.01000     9.02000     9.03000

 Columns 905 through 912:

     9.04000     9.05000     9.06000     9.07000     9.08000     9.09000     9.10000     9.11000

 Columns 913 through 920:

     9.12000     9.13000     9.14000     9.15000     9.16000     9.17000     9.18000     9.19000

 Columns 921 through 928:

     9.20000     9.21000     9.22000     9.23000     9.24000     9.25000     9.26000     9.27000

 Columns 929 through 936:

     9.28000     9.29000     9.30000     9.31000     9.32000     9.33000     9.34000     9.35000

 Columns 937 through 944:

     9.36000     9.37000     9.38000     9.39000     9.40000     9.41000     9.42000     9.43000

 Columns 945 through 952:

     9.44000     9.45000     9.46000     9.47000     9.48000     9.49000     9.50000     9.51000

 Columns 953 through 960:

     9.52000     9.53000     9.54000     9.55000     9.56000     9.57000     9.58000     9.59000

 Columns 961 through 968:

     9.60000     9.61000     9.62000     9.63000     9.64000     9.65000     9.66000     9.67000

 Columns 969 through 976:

     9.68000     9.69000     9.70000     9.71000     9.72000     9.73000     9.74000     9.75000

 Columns 977 through 984:

     9.76000     9.77000     9.78000     9.79000     9.80000     9.81000     9.82000     9.83000

 Columns 985 through 992:

     9.84000     9.85000     9.86000     9.87000     9.88000     9.89000     9.90000     9.91000

 Columns 993 through 1000:

     9.92000     9.93000     9.94000     9.95000     9.96000     9.97000     9.98000     9.99000

 Columns 1001 through 1008:

    10.00000    10.01000    10.02000    10.03000    10.04000    10.05000    10.06000    10.07000

 Columns 1009 through 1016:

    10.08000    10.09000    10.10000    10.11000    10.12000    10.13000    10.14000    10.15000

 Columns 1017 through 1024:

    10.16000    10.17000    10.18000    10.19000    10.20000    10.21000    10.22000    10.23000

 Columns 1025 through 1032:

    10.24000    10.25000    10.26000    10.27000    10.28000    10.29000    10.30000    10.31000

 Columns 1033 through 1040:

    10.32000    10.33000    10.34000    10.35000    10.36000    10.37000    10.38000    10.39000

 Columns 1041 through 1048:

    10.40000    10.41000    10.42000    10.43000    10.44000    10.45000    10.46000    10.47000

 Columns 1049 through 1056:

    10.48000    10.49000    10.50000    10.51000    10.52000    10.53000    10.54000    10.55000

 Columns 1057 through 1064:

    10.56000    10.57000    10.58000    10.59000    10.60000    10.61000    10.62000    10.63000

 Columns 1065 through 1072:

    10.64000    10.65000    10.66000    10.67000    10.68000    10.69000    10.70000    10.71000

 Columns 1073 through 1080:

    10.72000    10.73000    10.74000    10.75000    10.76000    10.77000    10.78000    10.79000

 Columns 1081 through 1088:

    10.80000    10.81000    10.82000    10.83000    10.84000    10.85000    10.86000    10.87000

 Columns 1089 through 1096:

    10.88000    10.89000    10.90000    10.91000    10.92000    10.93000    10.94000    10.95000

 Columns 1097 through 1104:

    10.96000    10.97000    10.98000    10.99000    11.00000    11.01000    11.02000    11.03000

 Columns 1105 through 1112:

    11.04000    11.05000    11.06000    11.07000    11.08000    11.09000    11.10000    11.11000

 Columns 1113 through 1120:

    11.12000    11.13000    11.14000    11.15000    11.16000    11.17000    11.18000    11.19000

 Columns 1121 through 1128:

    11.20000    11.21000    11.22000    11.23000    11.24000    11.25000    11.26000    11.27000

 Columns 1129 through 1136:

    11.28000    11.29000    11.30000    11.31000    11.32000    11.33000    11.34000    11.35000

 Columns 1137 through 1144:

    11.36000    11.37000    11.38000    11.39000    11.40000    11.41000    11.42000    11.43000

 Columns 1145 through 1152:

    11.44000    11.45000    11.46000    11.47000    11.48000    11.49000    11.50000    11.51000

 Columns 1153 through 1160:

    11.52000    11.53000    11.54000    11.55000    11.56000    11.57000    11.58000    11.59000

 Columns 1161 through 1168:

    11.60000    11.61000    11.62000    11.63000    11.64000    11.65000    11.66000    11.67000

 Columns 1169 through 1176:

    11.68000    11.69000    11.70000    11.71000    11.72000    11.73000    11.74000    11.75000

 Columns 1177 through 1184:

    11.76000    11.77000    11.78000    11.79000    11.80000    11.81000    11.82000    11.83000

 Columns 1185 through 1192:

    11.84000    11.85000    11.86000    11.87000    11.88000    11.89000    11.90000    11.91000

 Columns 1193 through 1200:

    11.92000    11.93000    11.94000    11.95000    11.96000    11.97000    11.98000    11.99000

 Columns 1201 through 1208:

    12.00000    12.01000    12.02000    12.03000    12.04000    12.05000    12.06000    12.07000

 Columns 1209 through 1216:

    12.08000    12.09000    12.10000    12.11000    12.12000    12.13000    12.14000    12.15000

 Columns 1217 through 1224:

    12.16000    12.17000    12.18000    12.19000    12.20000    12.21000    12.22000    12.23000

 Columns 1225 through 1232:

    12.24000    12.25000    12.26000    12.27000    12.28000    12.29000    12.30000    12.31000

 Columns 1233 through 1240:

    12.32000    12.33000    12.34000    12.35000    12.36000    12.37000    12.38000    12.39000

 Columns 1241 through 1248:

    12.40000    12.41000    12.42000    12.43000    12.44000    12.45000    12.46000    12.47000

 Columns 1249 through 1256:

    12.48000    12.49000    12.50000    12.51000    12.52000    12.53000    12.54000    12.55000

 Columns 1257 through 1264:

    12.56000    12.57000    12.58000    12.59000    12.60000    12.61000    12.62000    12.63000

 Columns 1265 through 1272:

    12.64000    12.65000    12.66000    12.67000    12.68000    12.69000    12.70000    12.71000

 Columns 1273 through 1280:

    12.72000    12.73000    12.74000    12.75000    12.76000    12.77000    12.78000    12.79000

 Columns 1281 through 1288:

    12.80000    12.81000    12.82000    12.83000    12.84000    12.85000    12.86000    12.87000

 Columns 1289 through 1296:

    12.88000    12.89000    12.90000    12.91000    12.92000    12.93000    12.94000    12.95000

 Columns 1297 through 1304:

    12.96000    12.97000    12.98000    12.99000    13.00000    13.01000    13.02000    13.03000

 Columns 1305 through 1312:

    13.04000    13.05000    13.06000    13.07000    13.08000    13.09000    13.10000    13.11000

 Columns 1313 through 1320:

    13.12000    13.13000    13.14000    13.15000    13.16000    13.17000    13.18000    13.19000

 Columns 1321 through 1328:

    13.20000    13.21000    13.22000    13.23000    13.24000    13.25000    13.26000    13.27000

 Columns 1329 through 1336:

    13.28000    13.29000    13.30000    13.31000    13.32000    13.33000    13.34000    13.35000

 Columns 1337 through 1344:

    13.36000    13.37000    13.38000    13.39000    13.40000    13.41000    13.42000    13.43000

 Columns 1345 through 1352:

    13.44000    13.45000    13.46000    13.47000    13.48000    13.49000    13.50000    13.51000

 Columns 1353 through 1360:

    13.52000    13.53000    13.54000    13.55000    13.56000    13.57000    13.58000    13.59000

 Columns 1361 through 1368:

    13.60000    13.61000    13.62000    13.63000    13.64000    13.65000    13.66000    13.67000

 Columns 1369 through 1376:

    13.68000    13.69000    13.70000    13.71000    13.72000    13.73000    13.74000    13.75000

 Columns 1377 through 1384:

    13.76000    13.77000    13.78000    13.79000    13.80000    13.81000    13.82000    13.83000

 Columns 1385 through 1392:

    13.84000    13.85000    13.86000    13.87000    13.88000    13.89000    13.90000    13.91000

 Columns 1393 through 1400:

    13.92000    13.93000    13.94000    13.95000    13.96000    13.97000    13.98000    13.99000

 Columns 1401 through 1408:

    14.00000    14.01000    14.02000    14.03000    14.04000    14.05000    14.06000    14.07000

 Columns 1409 through 1416:

    14.08000    14.09000    14.10000    14.11000    14.12000    14.13000    14.14000    14.15000

 Columns 1417 through 1424:

    14.16000    14.17000    14.18000    14.19000    14.20000    14.21000    14.22000    14.23000

 Columns 1425 through 1432:

    14.24000    14.25000    14.26000    14.27000    14.28000    14.29000    14.30000    14.31000

 Columns 1433 through 1440:

    14.32000    14.33000    14.34000    14.35000    14.36000    14.37000    14.38000    14.39000

 Columns 1441 through 1448:

    14.40000    14.41000    14.42000    14.43000    14.44000    14.45000    14.46000    14.47000

 Columns 1449 through 1456:

    14.48000    14.49000    14.50000    14.51000    14.52000    14.53000    14.54000    14.55000

 Columns 1457 through 1464:

    14.56000    14.57000    14.58000    14.59000    14.60000    14.61000    14.62000    14.63000

 Columns 1465 through 1472:

    14.64000    14.65000    14.66000    14.67000    14.68000    14.69000    14.70000    14.71000

 Columns 1473 through 1480:

    14.72000    14.73000    14.74000    14.75000    14.76000    14.77000    14.78000    14.79000

 Columns 1481 through 1488:

    14.80000    14.81000    14.82000    14.83000    14.84000    14.85000    14.86000    14.87000

 Columns 1489 through 1496:

    14.88000    14.89000    14.90000    14.91000    14.92000    14.93000    14.94000    14.95000

 Columns 1497 through 1504:

    14.96000    14.97000    14.98000    14.99000    15.00000    15.01000    15.02000    15.03000

 Columns 1505 through 1512:

    15.04000    15.05000    15.06000    15.07000    15.08000    15.09000    15.10000    15.11000

 Columns 1513 through 1520:

    15.12000    15.13000    15.14000    15.15000    15.16000    15.17000    15.18000    15.19000

 Columns 1521 through 1528:

    15.20000    15.21000    15.22000    15.23000    15.24000    15.25000    15.26000    15.27000

 Columns 1529 through 1536:

    15.28000    15.29000    15.30000    15.31000    15.32000    15.33000    15.34000    15.35000

 Columns 1537 through 1544:

    15.36000    15.37000    15.38000    15.39000    15.40000    15.41000    15.42000    15.43000

 Columns 1545 through 1552:

    15.44000    15.45000    15.46000    15.47000    15.48000    15.49000    15.50000    15.51000

 Columns 1553 through 1560:

    15.52000    15.53000    15.54000    15.55000    15.56000    15.57000    15.58000    15.59000

 Columns 1561 through 1568:

    15.60000    15.61000    15.62000    15.63000    15.64000    15.65000    15.66000    15.67000

 Columns 1569 through 1576:

    15.68000    15.69000    15.70000    15.71000    15.72000    15.73000    15.74000    15.75000

 Columns 1577 through 1584:

    15.76000    15.77000    15.78000    15.79000    15.80000    15.81000    15.82000    15.83000

 Columns 1585 through 1592:

    15.84000    15.85000    15.86000    15.87000    15.88000    15.89000    15.90000    15.91000

 Columns 1593 through 1600:

    15.92000    15.93000    15.94000    15.95000    15.96000    15.97000    15.98000    15.99000

 Columns 1601 through 1608:

    16.00000    16.01000    16.02000    16.03000    16.04000    16.05000    16.06000    16.07000

 Columns 1609 through 1616:

    16.08000    16.09000    16.10000    16.11000    16.12000    16.13000    16.14000    16.15000

 Columns 1617 through 1624:

    16.16000    16.17000    16.18000    16.19000    16.20000    16.21000    16.22000    16.23000

 Columns 1625 through 1632:

    16.24000    16.25000    16.26000    16.27000    16.28000    16.29000    16.30000    16.31000

 Columns 1633 through 1640:

    16.32000    16.33000    16.34000    16.35000    16.36000    16.37000    16.38000    16.39000

 Columns 1641 through 1648:

    16.40000    16.41000    16.42000    16.43000    16.44000    16.45000    16.46000    16.47000

 Columns 1649 through 1656:

    16.48000    16.49000    16.50000    16.51000    16.52000    16.53000    16.54000    16.55000

 Columns 1657 through 1664:

    16.56000    16.57000    16.58000    16.59000    16.60000    16.61000    16.62000    16.63000

 Columns 1665 through 1672:

    16.64000    16.65000    16.66000    16.67000    16.68000    16.69000    16.70000    16.71000

 Columns 1673 through 1680:

    16.72000    16.73000    16.74000    16.75000    16.76000    16.77000    16.78000    16.79000

 Columns 1681 through 1688:

    16.80000    16.81000    16.82000    16.83000    16.84000    16.85000    16.86000    16.87000

 Columns 1689 through 1696:

    16.88000    16.89000    16.90000    16.91000    16.92000    16.93000    16.94000    16.95000

 Columns 1697 through 1704:

    16.96000    16.97000    16.98000    16.99000    17.00000    17.01000    17.02000    17.03000

 Columns 1705 through 1712:

    17.04000    17.05000    17.06000    17.07000    17.08000    17.09000    17.10000    17.11000

 Columns 1713 through 1720:

    17.12000    17.13000    17.14000    17.15000    17.16000    17.17000    17.18000    17.19000

 Columns 1721 through 1728:

    17.20000    17.21000    17.22000    17.23000    17.24000    17.25000    17.26000    17.27000

 Columns 1729 through 1736:

    17.28000    17.29000    17.30000    17.31000    17.32000    17.33000    17.34000    17.35000

 Columns 1737 through 1744:

    17.36000    17.37000    17.38000    17.39000    17.40000    17.41000    17.42000    17.43000

 Columns 1745 through 1752:

    17.44000    17.45000    17.46000    17.47000    17.48000    17.49000    17.50000    17.51000

 Columns 1753 through 1760:

    17.52000    17.53000    17.54000    17.55000    17.56000    17.57000    17.58000    17.59000

 Columns 1761 through 1768:

    17.60000    17.61000    17.62000    17.63000    17.64000    17.65000    17.66000    17.67000

 Columns 1769 through 1776:

    17.68000    17.69000    17.70000    17.71000    17.72000    17.73000    17.74000    17.75000

 Columns 1777 through 1784:

    17.76000    17.77000    17.78000    17.79000    17.80000    17.81000    17.82000    17.83000

 Columns 1785 through 1792:

    17.84000    17.85000    17.86000    17.87000    17.88000    17.89000    17.90000    17.91000

 Columns 1793 through 1800:

    17.92000    17.93000    17.94000    17.95000    17.96000    17.97000    17.98000    17.99000

 Columns 1801 through 1808:

    18.00000    18.01000    18.02000    18.03000    18.04000    18.05000    18.06000    18.07000

 Columns 1809 through 1816:

    18.08000    18.09000    18.10000    18.11000    18.12000    18.13000    18.14000    18.15000

 Columns 1817 through 1824:

    18.16000    18.17000    18.18000    18.19000    18.20000    18.21000    18.22000    18.23000

 Columns 1825 through 1832:

    18.24000    18.25000    18.26000    18.27000    18.28000    18.29000    18.30000    18.31000

 Columns 1833 through 1840:

    18.32000    18.33000    18.34000    18.35000    18.36000    18.37000    18.38000    18.39000

 Columns 1841 through 1848:

    18.40000    18.41000    18.42000    18.43000    18.44000    18.45000    18.46000    18.47000

 Columns 1849 through 1856:

    18.48000    18.49000    18.50000    18.51000    18.52000    18.53000    18.54000    18.55000

 Columns 1857 through 1864:

    18.56000    18.57000    18.58000    18.59000    18.60000    18.61000    18.62000    18.63000

 Columns 1865 through 1872:

    18.64000    18.65000    18.66000    18.67000    18.68000    18.69000    18.70000    18.71000

 Columns 1873 through 1880:

    18.72000    18.73000    18.74000    18.75000    18.76000    18.77000    18.78000    18.79000

 Columns 1881 through 1888:

    18.80000    18.81000    18.82000    18.83000    18.84000    18.85000    18.86000    18.87000

 Columns 1889 through 1896:

    18.88000    18.89000    18.90000    18.91000    18.92000    18.93000    18.94000    18.95000

 Columns 1897 through 1904:

    18.96000    18.97000    18.98000    18.99000    19.00000    19.01000    19.02000    19.03000

 Columns 1905 through 1912:

    19.04000    19.05000    19.06000    19.07000    19.08000    19.09000    19.10000    19.11000

 Columns 1913 through 1920:

    19.12000    19.13000    19.14000    19.15000    19.16000    19.17000    19.18000    19.19000

 Columns 1921 through 1928:

    19.20000    19.21000    19.22000    19.23000    19.24000    19.25000    19.26000    19.27000

 Columns 1929 through 1936:

    19.28000    19.29000    19.30000    19.31000    19.32000    19.33000    19.34000    19.35000

 Columns 1937 through 1944:

    19.36000    19.37000    19.38000    19.39000    19.40000    19.41000    19.42000    19.43000

 Columns 1945 through 1952:

    19.44000    19.45000    19.46000    19.47000    19.48000    19.49000    19.50000    19.51000

 Columns 1953 through 1960:

    19.52000    19.53000    19.54000    19.55000    19.56000    19.57000    19.58000    19.59000

 Columns 1961 through 1968:

    19.60000    19.61000    19.62000    19.63000    19.64000    19.65000    19.66000    19.67000

 Columns 1969 through 1976:

    19.68000    19.69000    19.70000    19.71000    19.72000    19.73000    19.74000    19.75000

 Columns 1977 through 1984:

    19.76000    19.77000    19.78000    19.79000    19.80000    19.81000    19.82000    19.83000

 Columns 1985 through 1992:

    19.84000    19.85000    19.86000    19.87000    19.88000    19.89000    19.90000    19.91000

 Columns 1993 through 2000:

    19.92000    19.93000    19.94000    19.95000    19.96000    19.97000    19.98000    19.99000

 Columns 2001 through 2008:

    20.00000    20.01000    20.02000    20.03000    20.04000    20.05000    20.06000    20.07000

 Columns 2009 through 2016:

    20.08000    20.09000    20.10000    20.11000    20.12000    20.13000    20.14000    20.15000

 Columns 2017 through 2024:

    20.16000    20.17000    20.18000    20.19000    20.20000    20.21000    20.22000    20.23000

 Columns 2025 through 2032:

    20.24000    20.25000    20.26000    20.27000    20.28000    20.29000    20.30000    20.31000

 Columns 2033 through 2040:

    20.32000    20.33000    20.34000    20.35000    20.36000    20.37000    20.38000    20.39000

 Columns 2041 through 2048:

    20.40000    20.41000    20.42000    20.43000    20.44000    20.45000    20.46000    20.47000

 Columns 2049 through 2056:

    20.48000    20.49000    20.50000    20.51000    20.52000    20.53000    20.54000    20.55000

 Columns 2057 through 2064:

    20.56000    20.57000    20.58000    20.59000    20.60000    20.61000    20.62000    20.63000

 Columns 2065 through 2072:

    20.64000    20.65000    20.66000    20.67000    20.68000    20.69000    20.70000    20.71000

 Columns 2073 through 2080:

    20.72000    20.73000    20.74000    20.75000    20.76000    20.77000    20.78000    20.79000

 Columns 2081 through 2088:

    20.80000    20.81000    20.82000    20.83000    20.84000    20.85000    20.86000    20.87000

 Columns 2089 through 2096:

    20.88000    20.89000    20.90000    20.91000    20.92000    20.93000    20.94000    20.95000

 Columns 2097 through 2104:

    20.96000    20.97000    20.98000    20.99000    21.00000    21.01000    21.02000    21.03000

 Columns 2105 through 2112:

    21.04000    21.05000    21.06000    21.07000    21.08000    21.09000    21.10000    21.11000

 Columns 2113 through 2120:

    21.12000    21.13000    21.14000    21.15000    21.16000    21.17000    21.18000    21.19000

 Columns 2121 through 2128:

    21.20000    21.21000    21.22000    21.23000    21.24000    21.25000    21.26000    21.27000

 Columns 2129 through 2136:

    21.28000    21.29000    21.30000    21.31000    21.32000    21.33000    21.34000    21.35000

 Columns 2137 through 2144:

    21.36000    21.37000    21.38000    21.39000    21.40000    21.41000    21.42000    21.43000

 Columns 2145 through 2152:

    21.44000    21.45000    21.46000    21.47000    21.48000    21.49000    21.50000    21.51000

 Columns 2153 through 2160:

    21.52000    21.53000    21.54000    21.55000    21.56000    21.57000    21.58000    21.59000

 Columns 2161 through 2168:

    21.60000    21.61000    21.62000    21.63000    21.64000    21.65000    21.66000    21.67000

 Columns 2169 through 2176:

    21.68000    21.69000    21.70000    21.71000    21.72000    21.73000    21.74000    21.75000

 Columns 2177 through 2184:

    21.76000    21.77000    21.78000    21.79000    21.80000    21.81000    21.82000    21.83000

 Columns 2185 through 2192:

    21.84000    21.85000    21.86000    21.87000    21.88000    21.89000    21.90000    21.91000

 Columns 2193 through 2200:

    21.92000    21.93000    21.94000    21.95000    21.96000    21.97000    21.98000    21.99000

 Columns 2201 through 2208:

    22.00000    22.01000    22.02000    22.03000    22.04000    22.05000    22.06000    22.07000

 Columns 2209 through 2216:

    22.08000    22.09000    22.10000    22.11000    22.12000    22.13000    22.14000    22.15000

 Columns 2217 through 2224:

    22.16000    22.17000    22.18000    22.19000    22.20000    22.21000    22.22000    22.23000

 Columns 2225 through 2232:

    22.24000    22.25000    22.26000    22.27000    22.28000    22.29000    22.30000    22.31000

 Columns 2233 through 2240:

    22.32000    22.33000    22.34000    22.35000    22.36000    22.37000    22.38000    22.39000

 Columns 2241 through 2248:

    22.40000    22.41000    22.42000    22.43000    22.44000    22.45000    22.46000    22.47000

 Columns 2249 through 2256:

    22.48000    22.49000    22.50000    22.51000    22.52000    22.53000    22.54000    22.55000

 Columns 2257 through 2264:

    22.56000    22.57000    22.58000    22.59000    22.60000    22.61000    22.62000    22.63000

 Columns 2265 through 2272:

    22.64000    22.65000    22.66000    22.67000    22.68000    22.69000    22.70000    22.71000

 Columns 2273 through 2280:

    22.72000    22.73000    22.74000    22.75000    22.76000    22.77000    22.78000    22.79000

 Columns 2281 through 2288:

    22.80000    22.81000    22.82000    22.83000    22.84000    22.85000    22.86000    22.87000

 Columns 2289 through 2296:

    22.88000    22.89000    22.90000    22.91000    22.92000    22.93000    22.94000    22.95000

 Columns 2297 through 2304:

    22.96000    22.97000    22.98000    22.99000    23.00000    23.01000    23.02000    23.03000

 Columns 2305 through 2312:

    23.04000    23.05000    23.06000    23.07000    23.08000    23.09000    23.10000    23.11000

 Columns 2313 through 2320:

    23.12000    23.13000    23.14000    23.15000    23.16000    23.17000    23.18000    23.19000

 Columns 2321 through 2328:

    23.20000    23.21000    23.22000    23.23000    23.24000    23.25000    23.26000    23.27000

 Columns 2329 through 2336:

    23.28000    23.29000    23.30000    23.31000    23.32000    23.33000    23.34000    23.35000

 Columns 2337 through 2344:

    23.36000    23.37000    23.38000    23.39000    23.40000    23.41000    23.42000    23.43000

 Columns 2345 through 2352:

    23.44000    23.45000    23.46000    23.47000    23.48000    23.49000    23.50000    23.51000

 Columns 2353 through 2360:

    23.52000    23.53000    23.54000    23.55000    23.56000    23.57000    23.58000    23.59000

 Columns 2361 through 2368:

    23.60000    23.61000    23.62000    23.63000    23.64000    23.65000    23.66000    23.67000

 Columns 2369 through 2376:

    23.68000    23.69000    23.70000    23.71000    23.72000    23.73000    23.74000    23.75000

 Columns 2377 through 2384:

    23.76000    23.77000    23.78000    23.79000    23.80000    23.81000    23.82000    23.83000

 Columns 2385 through 2392:

    23.84000    23.85000    23.86000    23.87000    23.88000    23.89000    23.90000    23.91000

 Columns 2393 through 2400:

    23.92000    23.93000    23.94000    23.95000    23.96000    23.97000    23.98000    23.99000

 Columns 2401 through 2408:

    24.00000    24.01000    24.02000    24.03000    24.04000    24.05000    24.06000    24.07000

 Columns 2409 through 2416:

    24.08000    24.09000    24.10000    24.11000    24.12000    24.13000    24.14000    24.15000

 Columns 2417 through 2424:

    24.16000    24.17000    24.18000    24.19000    24.20000    24.21000    24.22000    24.23000

 Columns 2425 through 2432:

    24.24000    24.25000    24.26000    24.27000    24.28000    24.29000    24.30000    24.31000

 Columns 2433 through 2440:

    24.32000    24.33000    24.34000    24.35000    24.36000    24.37000    24.38000    24.39000

 Columns 2441 through 2448:

    24.40000    24.41000    24.42000    24.43000    24.44000    24.45000    24.46000    24.47000

 Columns 2449 through 2456:

    24.48000    24.49000    24.50000    24.51000    24.52000    24.53000    24.54000    24.55000

 Columns 2457 through 2464:

    24.56000    24.57000    24.58000    24.59000    24.60000    24.61000    24.62000    24.63000

 Columns 2465 through 2472:

    24.64000    24.65000    24.66000    24.67000    24.68000    24.69000    24.70000    24.71000

 Columns 2473 through 2480:

    24.72000    24.73000    24.74000    24.75000    24.76000    24.77000    24.78000    24.79000

 Columns 2481 through 2488:

    24.80000    24.81000    24.82000    24.83000    24.84000    24.85000    24.86000    24.87000

 Columns 2489 through 2496:

    24.88000    24.89000    24.90000    24.91000    24.92000    24.93000    24.94000    24.95000

 Columns 2497 through 2504:

    24.96000    24.97000    24.98000    24.99000    25.00000    25.01000    25.02000    25.03000

 Columns 2505 through 2512:

    25.04000    25.05000    25.06000    25.07000    25.08000    25.09000    25.10000    25.11000

 Columns 2513 through 2520:

    25.12000    25.13000    25.14000    25.15000    25.16000    25.17000    25.18000    25.19000

 Columns 2521 through 2528:

    25.20000    25.21000    25.22000    25.23000    25.24000    25.25000    25.26000    25.27000

 Columns 2529 through 2536:

    25.28000    25.29000    25.30000    25.31000    25.32000    25.33000    25.34000    25.35000

 Columns 2537 through 2544:

    25.36000    25.37000    25.38000    25.39000    25.40000    25.41000    25.42000    25.43000

 Columns 2545 through 2552:

    25.44000    25.45000    25.46000    25.47000    25.48000    25.49000    25.50000    25.51000

 Columns 2553 through 2560:

    25.52000    25.53000    25.54000    25.55000    25.56000    25.57000    25.58000    25.59000

 Columns 2561 through 2568:

    25.60000    25.61000    25.62000    25.63000    25.64000    25.65000    25.66000    25.67000

 Columns 2569 through 2576:

    25.68000    25.69000    25.70000    25.71000    25.72000    25.73000    25.74000    25.75000

 Columns 2577 through 2584:

    25.76000    25.77000    25.78000    25.79000    25.80000    25.81000    25.82000    25.83000

 Columns 2585 through 2592:

    25.84000    25.85000    25.86000    25.87000    25.88000    25.89000    25.90000    25.91000

 Columns 2593 through 2600:

    25.92000    25.93000    25.94000    25.95000    25.96000    25.97000    25.98000    25.99000

 Columns 2601 through 2608:

    26.00000    26.01000    26.02000    26.03000    26.04000    26.05000    26.06000    26.07000

 Columns 2609 through 2616:

    26.08000    26.09000    26.10000    26.11000    26.12000    26.13000    26.14000    26.15000

 Columns 2617 through 2624:

    26.16000    26.17000    26.18000    26.19000    26.20000    26.21000    26.22000    26.23000

 Columns 2625 through 2632:

    26.24000    26.25000    26.26000    26.27000    26.28000    26.29000    26.30000    26.31000

 Columns 2633 through 2640:

    26.32000    26.33000    26.34000    26.35000    26.36000    26.37000    26.38000    26.39000

 Columns 2641 through 2648:

    26.40000    26.41000    26.42000    26.43000    26.44000    26.45000    26.46000    26.47000

 Columns 2649 through 2656:

    26.48000    26.49000    26.50000    26.51000    26.52000    26.53000    26.54000    26.55000

 Columns 2657 through 2664:

    26.56000    26.57000    26.58000    26.59000    26.60000    26.61000    26.62000    26.63000

 Columns 2665 through 2672:

    26.64000    26.65000    26.66000    26.67000    26.68000    26.69000    26.70000    26.71000

 Columns 2673 through 2680:

    26.72000    26.73000    26.74000    26.75000    26.76000    26.77000    26.78000    26.79000

 Columns 2681 through 2688:

    26.80000    26.81000    26.82000    26.83000    26.84000    26.85000    26.86000    26.87000

 Columns 2689 through 2696:

    26.88000    26.89000    26.90000    26.91000    26.92000    26.93000    26.94000    26.95000

 Columns 2697 through 2704:

    26.96000    26.97000    26.98000    26.99000    27.00000    27.01000    27.02000    27.03000

 Columns 2705 through 2712:

    27.04000    27.05000    27.06000    27.07000    27.08000    27.09000    27.10000    27.11000

 Columns 2713 through 2720:

    27.12000    27.13000    27.14000    27.15000    27.16000    27.17000    27.18000    27.19000

 Columns 2721 through 2728:

    27.20000    27.21000    27.22000    27.23000    27.24000    27.25000    27.26000    27.27000

 Columns 2729 through 2736:

    27.28000    27.29000    27.30000    27.31000    27.32000    27.33000    27.34000    27.35000

 Columns 2737 through 2744:

    27.36000    27.37000    27.38000    27.39000    27.40000    27.41000    27.42000    27.43000

 Columns 2745 through 2752:

    27.44000    27.45000    27.46000    27.47000    27.48000    27.49000    27.50000    27.51000

 Columns 2753 through 2760:

    27.52000    27.53000    27.54000    27.55000    27.56000    27.57000    27.58000    27.59000

 Columns 2761 through 2768:

    27.60000    27.61000    27.62000    27.63000    27.64000    27.65000    27.66000    27.67000

 Columns 2769 through 2776:

    27.68000    27.69000    27.70000    27.71000    27.72000    27.73000    27.74000    27.75000

 Columns 2777 through 2784:

    27.76000    27.77000    27.78000    27.79000    27.80000    27.81000    27.82000    27.83000

 Columns 2785 through 2792:

    27.84000    27.85000    27.86000    27.87000    27.88000    27.89000    27.90000    27.91000

 Columns 2793 through 2800:

    27.92000    27.93000    27.94000    27.95000    27.96000    27.97000    27.98000    27.99000

 Columns 2801 through 2808:

    28.00000    28.01000    28.02000    28.03000    28.04000    28.05000    28.06000    28.07000

 Columns 2809 through 2816:

    28.08000    28.09000    28.10000    28.11000    28.12000    28.13000    28.14000    28.15000

 Columns 2817 through 2824:

    28.16000    28.17000    28.18000    28.19000    28.20000    28.21000    28.22000    28.23000

 Columns 2825 through 2832:

    28.24000    28.25000    28.26000    28.27000    28.28000    28.29000    28.30000    28.31000

 Columns 2833 through 2840:

    28.32000    28.33000    28.34000    28.35000    28.36000    28.37000    28.38000    28.39000

 Columns 2841 through 2848:

    28.40000    28.41000    28.42000    28.43000    28.44000    28.45000    28.46000    28.47000

 Columns 2849 through 2856:

    28.48000    28.49000    28.50000    28.51000    28.52000    28.53000    28.54000    28.55000

 Columns 2857 through 2864:

    28.56000    28.57000    28.58000    28.59000    28.60000    28.61000    28.62000    28.63000

 Columns 2865 through 2872:

    28.64000    28.65000    28.66000    28.67000    28.68000    28.69000    28.70000    28.71000

 Columns 2873 through 2880:

    28.72000    28.73000    28.74000    28.75000    28.76000    28.77000    28.78000    28.79000

 Columns 2881 through 2888:

    28.80000    28.81000    28.82000    28.83000    28.84000    28.85000    28.86000    28.87000

 Columns 2889 through 2896:

    28.88000    28.89000    28.90000    28.91000    28.92000    28.93000    28.94000    28.95000

 Columns 2897 through 2904:

    28.96000    28.97000    28.98000    28.99000    29.00000    29.01000    29.02000    29.03000

 Columns 2905 through 2912:

    29.04000    29.05000    29.06000    29.07000    29.08000    29.09000    29.10000    29.11000

 Columns 2913 through 2920:

    29.12000    29.13000    29.14000    29.15000    29.16000    29.17000    29.18000    29.19000

 Columns 2921 through 2928:

    29.20000    29.21000    29.22000    29.23000    29.24000    29.25000    29.26000    29.27000

 Columns 2929 through 2936:

    29.28000    29.29000    29.30000    29.31000    29.32000    29.33000    29.34000    29.35000

 Columns 2937 through 2944:

    29.36000    29.37000    29.38000    29.39000    29.40000    29.41000    29.42000    29.43000

 Columns 2945 through 2952:

    29.44000    29.45000    29.46000    29.47000    29.48000    29.49000    29.50000    29.51000

 Columns 2953 through 2960:

    29.52000    29.53000    29.54000    29.55000    29.56000    29.57000    29.58000    29.59000

 Columns 2961 through 2968:

    29.60000    29.61000    29.62000    29.63000    29.64000    29.65000    29.66000    29.67000

 Columns 2969 through 2976:

    29.68000    29.69000    29.70000    29.71000    29.72000    29.73000    29.74000    29.75000

 Columns 2977 through 2984:

    29.76000    29.77000    29.78000    29.79000    29.80000    29.81000    29.82000    29.83000

 Columns 2985 through 2992:

    29.84000    29.85000    29.86000    29.87000    29.88000    29.89000    29.90000    29.91000

 Columns 2993 through 3000:

    29.92000    29.93000    29.94000    29.95000    29.96000    29.97000    29.98000    29.99000

 Columns 3001 through 3008:

    30.00000    30.01000    30.02000    30.03000    30.04000    30.05000    30.06000    30.07000

 Columns 3009 through 3016:

    30.08000    30.09000    30.10000    30.11000    30.12000    30.13000    30.14000    30.15000

 Columns 3017 through 3024:

    30.16000    30.17000    30.18000    30.19000    30.20000    30.21000    30.22000    30.23000

 Columns 3025 through 3032:

    30.24000    30.25000    30.26000    30.27000    30.28000    30.29000    30.30000    30.31000

 Columns 3033 through 3040:

    30.32000    30.33000    30.34000    30.35000    30.36000    30.37000    30.38000    30.39000

 Columns 3041 through 3048:

    30.40000    30.41000    30.42000    30.43000    30.44000    30.45000    30.46000    30.47000

 Columns 3049 through 3056:

    30.48000    30.49000    30.50000    30.51000    30.52000    30.53000    30.54000    30.55000

 Columns 3057 through 3064:

    30.56000    30.57000    30.58000    30.59000    30.60000    30.61000    30.62000    30.63000

 Columns 3065 through 3072:

    30.64000    30.65000    30.66000    30.67000    30.68000    30.69000    30.70000    30.71000

 Columns 3073 through 3080:

    30.72000    30.73000    30.74000    30.75000    30.76000    30.77000    30.78000    30.79000

 Columns 3081 through 3088:

    30.80000    30.81000    30.82000    30.83000    30.84000    30.85000    30.86000    30.87000

 Columns 3089 through 3096:

    30.88000    30.89000    30.90000    30.91000    30.92000    30.93000    30.94000    30.95000

 Columns 3097 through 3104:

    30.96000    30.97000    30.98000    30.99000    31.00000    31.01000    31.02000    31.03000

 Columns 3105 through 3112:

    31.04000    31.05000    31.06000    31.07000    31.08000    31.09000    31.10000    31.11000

 Columns 3113 through 3120:

    31.12000    31.13000    31.14000    31.15000    31.16000    31.17000    31.18000    31.19000

 Columns 3121 through 3128:

    31.20000    31.21000    31.22000    31.23000    31.24000    31.25000    31.26000    31.27000

 Columns 3129 through 3136:

    31.28000    31.29000    31.30000    31.31000    31.32000    31.33000    31.34000    31.35000

 Columns 3137 through 3142:

    31.36000    31.37000    31.38000    31.39000    31.40000    31.41000

octave:20> t = 0:0.01:10*pi;
octave:21> plot(x(t), y(t))
error: called from
    @<anonymous> at line 1 column 31
error: operator *: nonconformant arguments (op1 is 1x3142, op2 is 1x3142)
octave:21> x = @(t, a, b) (a + b) .* cos(t) - b .* cos((a / b + 1) .* t)
x =

@(t, a, b) (a + b) .* cos (t) - b .* cos ((a / b + 1) .* t)

octave:22> y = @(t, a, b) (a + b) .* sin(t) - b .* sin((a / b + 1) * t)
y =

@(t, a, b) (a + b) .* sin (t) - b .* sin ((a / b + 1) * t)

octave:23> x = @(t, a, b) (a + b) .* cos(t) - b .* cos((a / b + 1) * t)
x =

@(t, a, b) (a + b) .* cos (t) - b .* cos ((a / b + 1) * t)

octave:24> t
t =

 Columns 1 through 8:

     0.00000     0.01000     0.02000     0.03000     0.04000     0.05000     0.06000     0.07000

 Columns 9 through 16:

     0.08000     0.09000     0.10000     0.11000     0.12000     0.13000     0.14000     0.15000

 Columns 17 through 24:

     0.16000     0.17000     0.18000     0.19000     0.20000     0.21000     0.22000     0.23000

 Columns 25 through 32:

     0.24000     0.25000     0.26000     0.27000     0.28000     0.29000     0.30000     0.31000

 Columns 33 through 40:

     0.32000     0.33000     0.34000     0.35000     0.36000     0.37000     0.38000     0.39000

 Columns 41 through 48:

     0.40000     0.41000     0.42000     0.43000     0.44000     0.45000     0.46000     0.47000

 Columns 49 through 56:

     0.48000     0.49000     0.50000     0.51000     0.52000     0.53000     0.54000     0.55000

 Columns 57 through 64:

     0.56000     0.57000     0.58000     0.59000     0.60000     0.61000     0.62000     0.63000

 Columns 65 through 72:

     0.64000     0.65000     0.66000     0.67000     0.68000     0.69000     0.70000     0.71000

 Columns 73 through 80:

     0.72000     0.73000     0.74000     0.75000     0.76000     0.77000     0.78000     0.79000

 Columns 81 through 88:

     0.80000     0.81000     0.82000     0.83000     0.84000     0.85000     0.86000     0.87000

 Columns 89 through 96:

     0.88000     0.89000     0.90000     0.91000     0.92000     0.93000     0.94000     0.95000

 Columns 97 through 104:

     0.96000     0.97000     0.98000     0.99000     1.00000     1.01000     1.02000     1.03000

 Columns 105 through 112:

     1.04000     1.05000     1.06000     1.07000     1.08000     1.09000     1.10000     1.11000

 Columns 113 through 120:

     1.12000     1.13000     1.14000     1.15000     1.16000     1.17000     1.18000     1.19000

 Columns 121 through 128:

     1.20000     1.21000     1.22000     1.23000     1.24000     1.25000     1.26000     1.27000

 Columns 129 through 136:

     1.28000     1.29000     1.30000     1.31000     1.32000     1.33000     1.34000     1.35000

 Columns 137 through 144:

     1.36000     1.37000     1.38000     1.39000     1.40000     1.41000     1.42000     1.43000

 Columns 145 through 152:

     1.44000     1.45000     1.46000     1.47000     1.48000     1.49000     1.50000     1.51000

 Columns 153 through 160:

     1.52000     1.53000     1.54000     1.55000     1.56000     1.57000     1.58000     1.59000

 Columns 161 through 168:

     1.60000     1.61000     1.62000     1.63000     1.64000     1.65000     1.66000     1.67000

 Columns 169 through 176:

     1.68000     1.69000     1.70000     1.71000     1.72000     1.73000     1.74000     1.75000

 Columns 177 through 184:

     1.76000     1.77000     1.78000     1.79000     1.80000     1.81000     1.82000     1.83000

 Columns 185 through 192:

     1.84000     1.85000     1.86000     1.87000     1.88000     1.89000     1.90000     1.91000

 Columns 193 through 200:

     1.92000     1.93000     1.94000     1.95000     1.96000     1.97000     1.98000     1.99000

 Columns 201 through 208:

     2.00000     2.01000     2.02000     2.03000     2.04000     2.05000     2.06000     2.07000

 Columns 209 through 216:

     2.08000     2.09000     2.10000     2.11000     2.12000     2.13000     2.14000     2.15000

 Columns 217 through 224:

     2.16000     2.17000     2.18000     2.19000     2.20000     2.21000     2.22000     2.23000

 Columns 225 through 232:

     2.24000     2.25000     2.26000     2.27000     2.28000     2.29000     2.30000     2.31000

 Columns 233 through 240:

     2.32000     2.33000     2.34000     2.35000     2.36000     2.37000     2.38000     2.39000

 Columns 241 through 248:

     2.40000     2.41000     2.42000     2.43000     2.44000     2.45000     2.46000     2.47000

 Columns 249 through 256:

     2.48000     2.49000     2.50000     2.51000     2.52000     2.53000     2.54000     2.55000

 Columns 257 through 264:

     2.56000     2.57000     2.58000     2.59000     2.60000     2.61000     2.62000     2.63000

 Columns 265 through 272:

     2.64000     2.65000     2.66000     2.67000     2.68000     2.69000     2.70000     2.71000

 Columns 273 through 280:

     2.72000     2.73000     2.74000     2.75000     2.76000     2.77000     2.78000     2.79000

 Columns 281 through 288:

     2.80000     2.81000     2.82000     2.83000     2.84000     2.85000     2.86000     2.87000

 Columns 289 through 296:

     2.88000     2.89000     2.90000     2.91000     2.92000     2.93000     2.94000     2.95000

 Columns 297 through 304:

     2.96000     2.97000     2.98000     2.99000     3.00000     3.01000     3.02000     3.03000

 Columns 305 through 312:

     3.04000     3.05000     3.06000     3.07000     3.08000     3.09000     3.10000     3.11000

 Columns 313 through 320:

     3.12000     3.13000     3.14000     3.15000     3.16000     3.17000     3.18000     3.19000

 Columns 321 through 328:

     3.20000     3.21000     3.22000     3.23000     3.24000     3.25000     3.26000     3.27000

 Columns 329 through 336:

     3.28000     3.29000     3.30000     3.31000     3.32000     3.33000     3.34000     3.35000

 Columns 337 through 344:

     3.36000     3.37000     3.38000     3.39000     3.40000     3.41000     3.42000     3.43000

 Columns 345 through 352:

     3.44000     3.45000     3.46000     3.47000     3.48000     3.49000     3.50000     3.51000

 Columns 353 through 360:

     3.52000     3.53000     3.54000     3.55000     3.56000     3.57000     3.58000     3.59000

 Columns 361 through 368:

     3.60000     3.61000     3.62000     3.63000     3.64000     3.65000     3.66000     3.67000

 Columns 369 through 376:

     3.68000     3.69000     3.70000     3.71000     3.72000     3.73000     3.74000     3.75000

 Columns 377 through 384:

     3.76000     3.77000     3.78000     3.79000     3.80000     3.81000     3.82000     3.83000

 Columns 385 through 392:

     3.84000     3.85000     3.86000     3.87000     3.88000     3.89000     3.90000     3.91000

 Columns 393 through 400:

     3.92000     3.93000     3.94000     3.95000     3.96000     3.97000     3.98000     3.99000

 Columns 401 through 408:

     4.00000     4.01000     4.02000     4.03000     4.04000     4.05000     4.06000     4.07000

 Columns 409 through 416:

     4.08000     4.09000     4.10000     4.11000     4.12000     4.13000     4.14000     4.15000

 Columns 417 through 424:

     4.16000     4.17000     4.18000     4.19000     4.20000     4.21000     4.22000     4.23000

 Columns 425 through 432:

     4.24000     4.25000     4.26000     4.27000     4.28000     4.29000     4.30000     4.31000

 Columns 433 through 440:

     4.32000     4.33000     4.34000     4.35000     4.36000     4.37000     4.38000     4.39000

 Columns 441 through 448:

     4.40000     4.41000     4.42000     4.43000     4.44000     4.45000     4.46000     4.47000

 Columns 449 through 456:

     4.48000     4.49000     4.50000     4.51000     4.52000     4.53000     4.54000     4.55000

 Columns 457 through 464:

     4.56000     4.57000     4.58000     4.59000     4.60000     4.61000     4.62000     4.63000

 Columns 465 through 472:

     4.64000     4.65000     4.66000     4.67000     4.68000     4.69000     4.70000     4.71000

 Columns 473 through 480:

     4.72000     4.73000     4.74000     4.75000     4.76000     4.77000     4.78000     4.79000

 Columns 481 through 488:

     4.80000     4.81000     4.82000     4.83000     4.84000     4.85000     4.86000     4.87000

 Columns 489 through 496:

     4.88000     4.89000     4.90000     4.91000     4.92000     4.93000     4.94000     4.95000

 Columns 497 through 504:

     4.96000     4.97000     4.98000     4.99000     5.00000     5.01000     5.02000     5.03000

 Columns 505 through 512:

     5.04000     5.05000     5.06000     5.07000     5.08000     5.09000     5.10000     5.11000

 Columns 513 through 520:

     5.12000     5.13000     5.14000     5.15000     5.16000     5.17000     5.18000     5.19000

 Columns 521 through 528:

     5.20000     5.21000     5.22000     5.23000     5.24000     5.25000     5.26000     5.27000

 Columns 529 through 536:

     5.28000     5.29000     5.30000     5.31000     5.32000     5.33000     5.34000     5.35000

 Columns 537 through 544:

     5.36000     5.37000     5.38000     5.39000     5.40000     5.41000     5.42000     5.43000

 Columns 545 through 552:

     5.44000     5.45000     5.46000     5.47000     5.48000     5.49000     5.50000     5.51000

 Columns 553 through 560:

     5.52000     5.53000     5.54000     5.55000     5.56000     5.57000     5.58000     5.59000

 Columns 561 through 568:

     5.60000     5.61000     5.62000     5.63000     5.64000     5.65000     5.66000     5.67000

 Columns 569 through 576:

     5.68000     5.69000     5.70000     5.71000     5.72000     5.73000     5.74000     5.75000

 Columns 577 through 584:

     5.76000     5.77000     5.78000     5.79000     5.80000     5.81000     5.82000     5.83000

 Columns 585 through 592:

     5.84000     5.85000     5.86000     5.87000     5.88000     5.89000     5.90000     5.91000

 Columns 593 through 600:

     5.92000     5.93000     5.94000     5.95000     5.96000     5.97000     5.98000     5.99000

 Columns 601 through 608:

     6.00000     6.01000     6.02000     6.03000     6.04000     6.05000     6.06000     6.07000

 Columns 609 through 616:

     6.08000     6.09000     6.10000     6.11000     6.12000     6.13000     6.14000     6.15000

 Columns 617 through 624:

     6.16000     6.17000     6.18000     6.19000     6.20000     6.21000     6.22000     6.23000

 Columns 625 through 632:

     6.24000     6.25000     6.26000     6.27000     6.28000     6.29000     6.30000     6.31000

 Columns 633 through 640:

     6.32000     6.33000     6.34000     6.35000     6.36000     6.37000     6.38000     6.39000

 Columns 641 through 648:

     6.40000     6.41000     6.42000     6.43000     6.44000     6.45000     6.46000     6.47000

 Columns 649 through 656:

     6.48000     6.49000     6.50000     6.51000     6.52000     6.53000     6.54000     6.55000

 Columns 657 through 664:

     6.56000     6.57000     6.58000     6.59000     6.60000     6.61000     6.62000     6.63000

 Columns 665 through 672:

     6.64000     6.65000     6.66000     6.67000     6.68000     6.69000     6.70000     6.71000

 Columns 673 through 680:

     6.72000     6.73000     6.74000     6.75000     6.76000     6.77000     6.78000     6.79000

 Columns 681 through 688:

     6.80000     6.81000     6.82000     6.83000     6.84000     6.85000     6.86000     6.87000

 Columns 689 through 696:

     6.88000     6.89000     6.90000     6.91000     6.92000     6.93000     6.94000     6.95000

 Columns 697 through 704:

     6.96000     6.97000     6.98000     6.99000     7.00000     7.01000     7.02000     7.03000

 Columns 705 through 712:

     7.04000     7.05000     7.06000     7.07000     7.08000     7.09000     7.10000     7.11000

 Columns 713 through 720:

     7.12000     7.13000     7.14000     7.15000     7.16000     7.17000     7.18000     7.19000

 Columns 721 through 728:

     7.20000     7.21000     7.22000     7.23000     7.24000     7.25000     7.26000     7.27000

 Columns 729 through 736:

     7.28000     7.29000     7.30000     7.31000     7.32000     7.33000     7.34000     7.35000

 Columns 737 through 744:

     7.36000     7.37000     7.38000     7.39000     7.40000     7.41000     7.42000     7.43000

 Columns 745 through 752:

     7.44000     7.45000     7.46000     7.47000     7.48000     7.49000     7.50000     7.51000

 Columns 753 through 760:

     7.52000     7.53000     7.54000     7.55000     7.56000     7.57000     7.58000     7.59000

 Columns 761 through 768:

     7.60000     7.61000     7.62000     7.63000     7.64000     7.65000     7.66000     7.67000

 Columns 769 through 776:

     7.68000     7.69000     7.70000     7.71000     7.72000     7.73000     7.74000     7.75000

 Columns 777 through 784:

     7.76000     7.77000     7.78000     7.79000     7.80000     7.81000     7.82000     7.83000

 Columns 785 through 792:

     7.84000     7.85000     7.86000     7.87000     7.88000     7.89000     7.90000     7.91000

 Columns 793 through 800:

     7.92000     7.93000     7.94000     7.95000     7.96000     7.97000     7.98000     7.99000

 Columns 801 through 808:

     8.00000     8.01000     8.02000     8.03000     8.04000     8.05000     8.06000     8.07000

 Columns 809 through 816:

     8.08000     8.09000     8.10000     8.11000     8.12000     8.13000     8.14000     8.15000

 Columns 817 through 824:

     8.16000     8.17000     8.18000     8.19000     8.20000     8.21000     8.22000     8.23000

 Columns 825 through 832:

     8.24000     8.25000     8.26000     8.27000     8.28000     8.29000     8.30000     8.31000

 Columns 833 through 840:

     8.32000     8.33000     8.34000     8.35000     8.36000     8.37000     8.38000     8.39000

 Columns 841 through 848:

     8.40000     8.41000     8.42000     8.43000     8.44000     8.45000     8.46000     8.47000

 Columns 849 through 856:

     8.48000     8.49000     8.50000     8.51000     8.52000     8.53000     8.54000     8.55000

 Columns 857 through 864:

     8.56000     8.57000     8.58000     8.59000     8.60000     8.61000     8.62000     8.63000

 Columns 865 through 872:

     8.64000     8.65000     8.66000     8.67000     8.68000     8.69000     8.70000     8.71000

 Columns 873 through 880:

     8.72000     8.73000     8.74000     8.75000     8.76000     8.77000     8.78000     8.79000

 Columns 881 through 888:

     8.80000     8.81000     8.82000     8.83000     8.84000     8.85000     8.86000     8.87000

 Columns 889 through 896:

     8.88000     8.89000     8.90000     8.91000     8.92000     8.93000     8.94000     8.95000

 Columns 897 through 904:

     8.96000     8.97000     8.98000     8.99000     9.00000     9.01000     9.02000     9.03000

 Columns 905 through 912:

     9.04000     9.05000     9.06000     9.07000     9.08000     9.09000     9.10000     9.11000

 Columns 913 through 920:

     9.12000     9.13000     9.14000     9.15000     9.16000     9.17000     9.18000     9.19000

 Columns 921 through 928:

     9.20000     9.21000     9.22000     9.23000     9.24000     9.25000     9.26000     9.27000

 Columns 929 through 936:

     9.28000     9.29000     9.30000     9.31000     9.32000     9.33000     9.34000     9.35000

 Columns 937 through 944:

     9.36000     9.37000     9.38000     9.39000     9.40000     9.41000     9.42000     9.43000

 Columns 945 through 952:

     9.44000     9.45000     9.46000     9.47000     9.48000     9.49000     9.50000     9.51000

 Columns 953 through 960:

     9.52000     9.53000     9.54000     9.55000     9.56000     9.57000     9.58000     9.59000

 Columns 961 through 968:

     9.60000     9.61000     9.62000     9.63000     9.64000     9.65000     9.66000     9.67000

 Columns 969 through 976:

     9.68000     9.69000     9.70000     9.71000     9.72000     9.73000     9.74000     9.75000

 Columns 977 through 984:

     9.76000     9.77000     9.78000     9.79000     9.80000     9.81000     9.82000     9.83000

 Columns 985 through 992:

     9.84000     9.85000     9.86000     9.87000     9.88000     9.89000     9.90000     9.91000

 Columns 993 through 1000:

     9.92000     9.93000     9.94000     9.95000     9.96000     9.97000     9.98000     9.99000

 Columns 1001 through 1008:

    10.00000    10.01000    10.02000    10.03000    10.04000    10.05000    10.06000    10.07000

 Columns 1009 through 1016:

    10.08000    10.09000    10.10000    10.11000    10.12000    10.13000    10.14000    10.15000

 Columns 1017 through 1024:

    10.16000    10.17000    10.18000    10.19000    10.20000    10.21000    10.22000    10.23000

 Columns 1025 through 1032:

    10.24000    10.25000    10.26000    10.27000    10.28000    10.29000    10.30000    10.31000

 Columns 1033 through 1040:

    10.32000    10.33000    10.34000    10.35000    10.36000    10.37000    10.38000    10.39000

 Columns 1041 through 1048:

    10.40000    10.41000    10.42000    10.43000    10.44000    10.45000    10.46000    10.47000

 Columns 1049 through 1056:

    10.48000    10.49000    10.50000    10.51000    10.52000    10.53000    10.54000    10.55000

 Columns 1057 through 1064:

    10.56000    10.57000    10.58000    10.59000    10.60000    10.61000    10.62000    10.63000

 Columns 1065 through 1072:

    10.64000    10.65000    10.66000    10.67000    10.68000    10.69000    10.70000    10.71000

 Columns 1073 through 1080:

    10.72000    10.73000    10.74000    10.75000    10.76000    10.77000    10.78000    10.79000

 Columns 1081 through 1088:

    10.80000    10.81000    10.82000    10.83000    10.84000    10.85000    10.86000    10.87000

 Columns 1089 through 1096:

    10.88000    10.89000    10.90000    10.91000    10.92000    10.93000    10.94000    10.95000

 Columns 1097 through 1104:

    10.96000    10.97000    10.98000    10.99000    11.00000    11.01000    11.02000    11.03000

 Columns 1105 through 1112:

    11.04000    11.05000    11.06000    11.07000    11.08000    11.09000    11.10000    11.11000

 Columns 1113 through 1120:

    11.12000    11.13000    11.14000    11.15000    11.16000    11.17000    11.18000    11.19000

 Columns 1121 through 1128:

    11.20000    11.21000    11.22000    11.23000    11.24000    11.25000    11.26000    11.27000

 Columns 1129 through 1136:

    11.28000    11.29000    11.30000    11.31000    11.32000    11.33000    11.34000    11.35000

 Columns 1137 through 1144:

    11.36000    11.37000    11.38000    11.39000    11.40000    11.41000    11.42000    11.43000

 Columns 1145 through 1152:

    11.44000    11.45000    11.46000    11.47000    11.48000    11.49000    11.50000    11.51000

 Columns 1153 through 1160:

    11.52000    11.53000    11.54000    11.55000    11.56000    11.57000    11.58000    11.59000

 Columns 1161 through 1168:

    11.60000    11.61000    11.62000    11.63000    11.64000    11.65000    11.66000    11.67000

 Columns 1169 through 1176:

    11.68000    11.69000    11.70000    11.71000    11.72000    11.73000    11.74000    11.75000

 Columns 1177 through 1184:

    11.76000    11.77000    11.78000    11.79000    11.80000    11.81000    11.82000    11.83000

 Columns 1185 through 1192:

    11.84000    11.85000    11.86000    11.87000    11.88000    11.89000    11.90000    11.91000

 Columns 1193 through 1200:

    11.92000    11.93000    11.94000    11.95000    11.96000    11.97000    11.98000    11.99000

 Columns 1201 through 1208:

    12.00000    12.01000    12.02000    12.03000    12.04000    12.05000    12.06000    12.07000

 Columns 1209 through 1216:

    12.08000    12.09000    12.10000    12.11000    12.12000    12.13000    12.14000    12.15000

 Columns 1217 through 1224:

    12.16000    12.17000    12.18000    12.19000    12.20000    12.21000    12.22000    12.23000

 Columns 1225 through 1232:

    12.24000    12.25000    12.26000    12.27000    12.28000    12.29000    12.30000    12.31000

 Columns 1233 through 1240:

    12.32000    12.33000    12.34000    12.35000    12.36000    12.37000    12.38000    12.39000

 Columns 1241 through 1248:

    12.40000    12.41000    12.42000    12.43000    12.44000    12.45000    12.46000    12.47000

 Columns 1249 through 1256:

    12.48000    12.49000    12.50000    12.51000    12.52000    12.53000    12.54000    12.55000

 Columns 1257 through 1264:

    12.56000    12.57000    12.58000    12.59000    12.60000    12.61000    12.62000    12.63000

 Columns 1265 through 1272:

    12.64000    12.65000    12.66000    12.67000    12.68000    12.69000    12.70000    12.71000

 Columns 1273 through 1280:

    12.72000    12.73000    12.74000    12.75000    12.76000    12.77000    12.78000    12.79000

 Columns 1281 through 1288:

    12.80000    12.81000    12.82000    12.83000    12.84000    12.85000    12.86000    12.87000

 Columns 1289 through 1296:

    12.88000    12.89000    12.90000    12.91000    12.92000    12.93000    12.94000    12.95000

 Columns 1297 through 1304:

    12.96000    12.97000    12.98000    12.99000    13.00000    13.01000    13.02000    13.03000

 Columns 1305 through 1312:

    13.04000    13.05000    13.06000    13.07000    13.08000    13.09000    13.10000    13.11000

 Columns 1313 through 1320:

    13.12000    13.13000    13.14000    13.15000    13.16000    13.17000    13.18000    13.19000

 Columns 1321 through 1328:

    13.20000    13.21000    13.22000    13.23000    13.24000    13.25000    13.26000    13.27000

 Columns 1329 through 1336:

    13.28000    13.29000    13.30000    13.31000    13.32000    13.33000    13.34000    13.35000

 Columns 1337 through 1344:

    13.36000    13.37000    13.38000    13.39000    13.40000    13.41000    13.42000    13.43000

 Columns 1345 through 1352:

    13.44000    13.45000    13.46000    13.47000    13.48000    13.49000    13.50000    13.51000

 Columns 1353 through 1360:

    13.52000    13.53000    13.54000    13.55000    13.56000    13.57000    13.58000    13.59000

 Columns 1361 through 1368:

    13.60000    13.61000    13.62000    13.63000    13.64000    13.65000    13.66000    13.67000

 Columns 1369 through 1376:

    13.68000    13.69000    13.70000    13.71000    13.72000    13.73000    13.74000    13.75000

 Columns 1377 through 1384:

    13.76000    13.77000    13.78000    13.79000    13.80000    13.81000    13.82000    13.83000

 Columns 1385 through 1392:

    13.84000    13.85000    13.86000    13.87000    13.88000    13.89000    13.90000    13.91000

 Columns 1393 through 1400:

    13.92000    13.93000    13.94000    13.95000    13.96000    13.97000    13.98000    13.99000

 Columns 1401 through 1408:

    14.00000    14.01000    14.02000    14.03000    14.04000    14.05000    14.06000    14.07000

 Columns 1409 through 1416:

    14.08000    14.09000    14.10000    14.11000    14.12000    14.13000    14.14000    14.15000

 Columns 1417 through 1424:

    14.16000    14.17000    14.18000    14.19000    14.20000    14.21000    14.22000    14.23000

 Columns 1425 through 1432:

    14.24000    14.25000    14.26000    14.27000    14.28000    14.29000    14.30000    14.31000

 Columns 1433 through 1440:

    14.32000    14.33000    14.34000    14.35000    14.36000    14.37000    14.38000    14.39000

 Columns 1441 through 1448:

    14.40000    14.41000    14.42000    14.43000    14.44000    14.45000    14.46000    14.47000

 Columns 1449 through 1456:

    14.48000    14.49000    14.50000    14.51000    14.52000    14.53000    14.54000    14.55000

 Columns 1457 through 1464:

    14.56000    14.57000    14.58000    14.59000    14.60000    14.61000    14.62000    14.63000

 Columns 1465 through 1472:

    14.64000    14.65000    14.66000    14.67000    14.68000    14.69000    14.70000    14.71000

 Columns 1473 through 1480:

    14.72000    14.73000    14.74000    14.75000    14.76000    14.77000    14.78000    14.79000

 Columns 1481 through 1488:

    14.80000    14.81000    14.82000    14.83000    14.84000    14.85000    14.86000    14.87000

 Columns 1489 through 1496:

    14.88000    14.89000    14.90000    14.91000    14.92000    14.93000    14.94000    14.95000

 Columns 1497 through 1504:

    14.96000    14.97000    14.98000    14.99000    15.00000    15.01000    15.02000    15.03000

 Columns 1505 through 1512:

    15.04000    15.05000    15.06000    15.07000    15.08000    15.09000    15.10000    15.11000

 Columns 1513 through 1520:

    15.12000    15.13000    15.14000    15.15000    15.16000    15.17000    15.18000    15.19000

 Columns 1521 through 1528:

    15.20000    15.21000    15.22000    15.23000    15.24000    15.25000    15.26000    15.27000

 Columns 1529 through 1536:

    15.28000    15.29000    15.30000    15.31000    15.32000    15.33000    15.34000    15.35000

 Columns 1537 through 1544:

    15.36000    15.37000    15.38000    15.39000    15.40000    15.41000    15.42000    15.43000

 Columns 1545 through 1552:

    15.44000    15.45000    15.46000    15.47000    15.48000    15.49000    15.50000    15.51000

 Columns 1553 through 1560:

    15.52000    15.53000    15.54000    15.55000    15.56000    15.57000    15.58000    15.59000

 Columns 1561 through 1568:

    15.60000    15.61000    15.62000    15.63000    15.64000    15.65000    15.66000    15.67000

 Columns 1569 through 1576:

    15.68000    15.69000    15.70000    15.71000    15.72000    15.73000    15.74000    15.75000

 Columns 1577 through 1584:

    15.76000    15.77000    15.78000    15.79000    15.80000    15.81000    15.82000    15.83000

 Columns 1585 through 1592:

    15.84000    15.85000    15.86000    15.87000    15.88000    15.89000    15.90000    15.91000

 Columns 1593 through 1600:

    15.92000    15.93000    15.94000    15.95000    15.96000    15.97000    15.98000    15.99000

 Columns 1601 through 1608:

    16.00000    16.01000    16.02000    16.03000    16.04000    16.05000    16.06000    16.07000

 Columns 1609 through 1616:

    16.08000    16.09000    16.10000    16.11000    16.12000    16.13000    16.14000    16.15000

 Columns 1617 through 1624:

    16.16000    16.17000    16.18000    16.19000    16.20000    16.21000    16.22000    16.23000

 Columns 1625 through 1632:

    16.24000    16.25000    16.26000    16.27000    16.28000    16.29000    16.30000    16.31000

 Columns 1633 through 1640:

    16.32000    16.33000    16.34000    16.35000    16.36000    16.37000    16.38000    16.39000

 Columns 1641 through 1648:

    16.40000    16.41000    16.42000    16.43000    16.44000    16.45000    16.46000    16.47000

 Columns 1649 through 1656:

    16.48000    16.49000    16.50000    16.51000    16.52000    16.53000    16.54000    16.55000

 Columns 1657 through 1664:

    16.56000    16.57000    16.58000    16.59000    16.60000    16.61000    16.62000    16.63000

 Columns 1665 through 1672:

    16.64000    16.65000    16.66000    16.67000    16.68000    16.69000    16.70000    16.71000

 Columns 1673 through 1680:

    16.72000    16.73000    16.74000    16.75000    16.76000    16.77000    16.78000    16.79000

 Columns 1681 through 1688:

    16.80000    16.81000    16.82000    16.83000    16.84000    16.85000    16.86000    16.87000

 Columns 1689 through 1696:

    16.88000    16.89000    16.90000    16.91000    16.92000    16.93000    16.94000    16.95000

 Columns 1697 through 1704:

    16.96000    16.97000    16.98000    16.99000    17.00000    17.01000    17.02000    17.03000

 Columns 1705 through 1712:

    17.04000    17.05000    17.06000    17.07000    17.08000    17.09000    17.10000    17.11000

 Columns 1713 through 1720:

    17.12000    17.13000    17.14000    17.15000    17.16000    17.17000    17.18000    17.19000

 Columns 1721 through 1728:

    17.20000    17.21000    17.22000    17.23000    17.24000    17.25000    17.26000    17.27000

 Columns 1729 through 1736:

    17.28000    17.29000    17.30000    17.31000    17.32000    17.33000    17.34000    17.35000

 Columns 1737 through 1744:

    17.36000    17.37000    17.38000    17.39000    17.40000    17.41000    17.42000    17.43000

 Columns 1745 through 1752:

    17.44000    17.45000    17.46000    17.47000    17.48000    17.49000    17.50000    17.51000

 Columns 1753 through 1760:

    17.52000    17.53000    17.54000    17.55000    17.56000    17.57000    17.58000    17.59000

 Columns 1761 through 1768:

    17.60000    17.61000    17.62000    17.63000    17.64000    17.65000    17.66000    17.67000

 Columns 1769 through 1776:

    17.68000    17.69000    17.70000    17.71000    17.72000    17.73000    17.74000    17.75000

 Columns 1777 through 1784:

    17.76000    17.77000    17.78000    17.79000    17.80000    17.81000    17.82000    17.83000

 Columns 1785 through 1792:

    17.84000    17.85000    17.86000    17.87000    17.88000    17.89000    17.90000    17.91000

 Columns 1793 through 1800:

    17.92000    17.93000    17.94000    17.95000    17.96000    17.97000    17.98000    17.99000

 Columns 1801 through 1808:

    18.00000    18.01000    18.02000    18.03000    18.04000    18.05000    18.06000    18.07000

 Columns 1809 through 1816:

    18.08000    18.09000    18.10000    18.11000    18.12000    18.13000    18.14000    18.15000

 Columns 1817 through 1824:

    18.16000    18.17000    18.18000    18.19000    18.20000    18.21000    18.22000    18.23000

 Columns 1825 through 1832:

    18.24000    18.25000    18.26000    18.27000    18.28000    18.29000    18.30000    18.31000

 Columns 1833 through 1840:

    18.32000    18.33000    18.34000    18.35000    18.36000    18.37000    18.38000    18.39000

 Columns 1841 through 1848:

    18.40000    18.41000    18.42000    18.43000    18.44000    18.45000    18.46000    18.47000

 Columns 1849 through 1856:

    18.48000    18.49000    18.50000    18.51000    18.52000    18.53000    18.54000    18.55000

 Columns 1857 through 1864:

    18.56000    18.57000    18.58000    18.59000    18.60000    18.61000    18.62000    18.63000

 Columns 1865 through 1872:

    18.64000    18.65000    18.66000    18.67000    18.68000    18.69000    18.70000    18.71000

 Columns 1873 through 1880:

    18.72000    18.73000    18.74000    18.75000    18.76000    18.77000    18.78000    18.79000

 Columns 1881 through 1888:

    18.80000    18.81000    18.82000    18.83000    18.84000    18.85000    18.86000    18.87000

 Columns 1889 through 1896:

    18.88000    18.89000    18.90000    18.91000    18.92000    18.93000    18.94000    18.95000

 Columns 1897 through 1904:

    18.96000    18.97000    18.98000    18.99000    19.00000    19.01000    19.02000    19.03000

 Columns 1905 through 1912:

    19.04000    19.05000    19.06000    19.07000    19.08000    19.09000    19.10000    19.11000

 Columns 1913 through 1920:

    19.12000    19.13000    19.14000    19.15000    19.16000    19.17000    19.18000    19.19000

 Columns 1921 through 1928:

    19.20000    19.21000    19.22000    19.23000    19.24000    19.25000    19.26000    19.27000

 Columns 1929 through 1936:

    19.28000    19.29000    19.30000    19.31000    19.32000    19.33000    19.34000    19.35000

 Columns 1937 through 1944:

    19.36000    19.37000    19.38000    19.39000    19.40000    19.41000    19.42000    19.43000

 Columns 1945 through 1952:

    19.44000    19.45000    19.46000    19.47000    19.48000    19.49000    19.50000    19.51000

 Columns 1953 through 1960:

    19.52000    19.53000    19.54000    19.55000    19.56000    19.57000    19.58000    19.59000

 Columns 1961 through 1968:

    19.60000    19.61000    19.62000    19.63000    19.64000    19.65000    19.66000    19.67000

 Columns 1969 through 1976:

    19.68000    19.69000    19.70000    19.71000    19.72000    19.73000    19.74000    19.75000

 Columns 1977 through 1984:

    19.76000    19.77000    19.78000    19.79000    19.80000    19.81000    19.82000    19.83000

 Columns 1985 through 1992:

    19.84000    19.85000    19.86000    19.87000    19.88000    19.89000    19.90000    19.91000

 Columns 1993 through 2000:

    19.92000    19.93000    19.94000    19.95000    19.96000    19.97000    19.98000    19.99000

 Columns 2001 through 2008:

    20.00000    20.01000    20.02000    20.03000    20.04000    20.05000    20.06000    20.07000

 Columns 2009 through 2016:

    20.08000    20.09000    20.10000    20.11000    20.12000    20.13000    20.14000    20.15000

 Columns 2017 through 2024:

    20.16000    20.17000    20.18000    20.19000    20.20000    20.21000    20.22000    20.23000

 Columns 2025 through 2032:

    20.24000    20.25000    20.26000    20.27000    20.28000    20.29000    20.30000    20.31000

 Columns 2033 through 2040:

    20.32000    20.33000    20.34000    20.35000    20.36000    20.37000    20.38000    20.39000

 Columns 2041 through 2048:

    20.40000    20.41000    20.42000    20.43000    20.44000    20.45000    20.46000    20.47000

 Columns 2049 through 2056:

    20.48000    20.49000    20.50000    20.51000    20.52000    20.53000    20.54000    20.55000

 Columns 2057 through 2064:

    20.56000    20.57000    20.58000    20.59000    20.60000    20.61000    20.62000    20.63000

 Columns 2065 through 2072:

    20.64000    20.65000    20.66000    20.67000    20.68000    20.69000    20.70000    20.71000

 Columns 2073 through 2080:

    20.72000    20.73000    20.74000    20.75000    20.76000    20.77000    20.78000    20.79000

 Columns 2081 through 2088:

    20.80000    20.81000    20.82000    20.83000    20.84000    20.85000    20.86000    20.87000

 Columns 2089 through 2096:

    20.88000    20.89000    20.90000    20.91000    20.92000    20.93000    20.94000    20.95000

 Columns 2097 through 2104:

    20.96000    20.97000    20.98000    20.99000    21.00000    21.01000    21.02000    21.03000

 Columns 2105 through 2112:

    21.04000    21.05000    21.06000    21.07000    21.08000    21.09000    21.10000    21.11000

 Columns 2113 through 2120:

    21.12000    21.13000    21.14000    21.15000    21.16000    21.17000    21.18000    21.19000

 Columns 2121 through 2128:

    21.20000    21.21000    21.22000    21.23000    21.24000    21.25000    21.26000    21.27000

 Columns 2129 through 2136:

    21.28000    21.29000    21.30000    21.31000    21.32000    21.33000    21.34000    21.35000

 Columns 2137 through 2144:

    21.36000    21.37000    21.38000    21.39000    21.40000    21.41000    21.42000    21.43000

 Columns 2145 through 2152:

    21.44000    21.45000    21.46000    21.47000    21.48000    21.49000    21.50000    21.51000

 Columns 2153 through 2160:

    21.52000    21.53000    21.54000    21.55000    21.56000    21.57000    21.58000    21.59000

 Columns 2161 through 2168:

    21.60000    21.61000    21.62000    21.63000    21.64000    21.65000    21.66000    21.67000

 Columns 2169 through 2176:

    21.68000    21.69000    21.70000    21.71000    21.72000    21.73000    21.74000    21.75000

 Columns 2177 through 2184:

    21.76000    21.77000    21.78000    21.79000    21.80000    21.81000    21.82000    21.83000

 Columns 2185 through 2192:

    21.84000    21.85000    21.86000    21.87000    21.88000    21.89000    21.90000    21.91000

 Columns 2193 through 2200:

    21.92000    21.93000    21.94000    21.95000    21.96000    21.97000    21.98000    21.99000

 Columns 2201 through 2208:

    22.00000    22.01000    22.02000    22.03000    22.04000    22.05000    22.06000    22.07000

 Columns 2209 through 2216:

    22.08000    22.09000    22.10000    22.11000    22.12000    22.13000    22.14000    22.15000

 Columns 2217 through 2224:

    22.16000    22.17000    22.18000    22.19000    22.20000    22.21000    22.22000    22.23000

 Columns 2225 through 2232:

    22.24000    22.25000    22.26000    22.27000    22.28000    22.29000    22.30000    22.31000

 Columns 2233 through 2240:

    22.32000    22.33000    22.34000    22.35000    22.36000    22.37000    22.38000    22.39000

 Columns 2241 through 2248:

    22.40000    22.41000    22.42000    22.43000    22.44000    22.45000    22.46000    22.47000

 Columns 2249 through 2256:

    22.48000    22.49000    22.50000    22.51000    22.52000    22.53000    22.54000    22.55000

 Columns 2257 through 2264:

    22.56000    22.57000    22.58000    22.59000    22.60000    22.61000    22.62000    22.63000

 Columns 2265 through 2272:

    22.64000    22.65000    22.66000    22.67000    22.68000    22.69000    22.70000    22.71000

 Columns 2273 through 2280:

    22.72000    22.73000    22.74000    22.75000    22.76000    22.77000    22.78000    22.79000

 Columns 2281 through 2288:

    22.80000    22.81000    22.82000    22.83000    22.84000    22.85000    22.86000    22.87000

 Columns 2289 through 2296:

    22.88000    22.89000    22.90000    22.91000    22.92000    22.93000    22.94000    22.95000

 Columns 2297 through 2304:

    22.96000    22.97000    22.98000    22.99000    23.00000    23.01000    23.02000    23.03000

 Columns 2305 through 2312:

    23.04000    23.05000    23.06000    23.07000    23.08000    23.09000    23.10000    23.11000

 Columns 2313 through 2320:

    23.12000    23.13000    23.14000    23.15000    23.16000    23.17000    23.18000    23.19000

 Columns 2321 through 2328:

    23.20000    23.21000    23.22000    23.23000    23.24000    23.25000    23.26000    23.27000

 Columns 2329 through 2336:

    23.28000    23.29000    23.30000    23.31000    23.32000    23.33000    23.34000    23.35000

 Columns 2337 through 2344:

    23.36000    23.37000    23.38000    23.39000    23.40000    23.41000    23.42000    23.43000

 Columns 2345 through 2352:

    23.44000    23.45000    23.46000    23.47000    23.48000    23.49000    23.50000    23.51000

 Columns 2353 through 2360:

    23.52000    23.53000    23.54000    23.55000    23.56000    23.57000    23.58000    23.59000

 Columns 2361 through 2368:

    23.60000    23.61000    23.62000    23.63000    23.64000    23.65000    23.66000    23.67000

 Columns 2369 through 2376:

    23.68000    23.69000    23.70000    23.71000    23.72000    23.73000    23.74000    23.75000

 Columns 2377 through 2384:

    23.76000    23.77000    23.78000    23.79000    23.80000    23.81000    23.82000    23.83000

 Columns 2385 through 2392:

    23.84000    23.85000    23.86000    23.87000    23.88000    23.89000    23.90000    23.91000

 Columns 2393 through 2400:

    23.92000    23.93000    23.94000    23.95000    23.96000    23.97000    23.98000    23.99000

 Columns 2401 through 2408:

    24.00000    24.01000    24.02000    24.03000    24.04000    24.05000    24.06000    24.07000

 Columns 2409 through 2416:

    24.08000    24.09000    24.10000    24.11000    24.12000    24.13000    24.14000    24.15000

 Columns 2417 through 2424:

    24.16000    24.17000    24.18000    24.19000    24.20000    24.21000    24.22000    24.23000

 Columns 2425 through 2432:

    24.24000    24.25000    24.26000    24.27000    24.28000    24.29000    24.30000    24.31000

 Columns 2433 through 2440:

    24.32000    24.33000    24.34000    24.35000    24.36000    24.37000    24.38000    24.39000

 Columns 2441 through 2448:

    24.40000    24.41000    24.42000    24.43000    24.44000    24.45000    24.46000    24.47000

 Columns 2449 through 2456:

    24.48000    24.49000    24.50000    24.51000    24.52000    24.53000    24.54000    24.55000

 Columns 2457 through 2464:

    24.56000    24.57000    24.58000    24.59000    24.60000    24.61000    24.62000    24.63000

 Columns 2465 through 2472:

    24.64000    24.65000    24.66000    24.67000    24.68000    24.69000    24.70000    24.71000

 Columns 2473 through 2480:

    24.72000    24.73000    24.74000    24.75000    24.76000    24.77000    24.78000    24.79000

 Columns 2481 through 2488:

    24.80000    24.81000    24.82000    24.83000    24.84000    24.85000    24.86000    24.87000

 Columns 2489 through 2496:

    24.88000    24.89000    24.90000    24.91000    24.92000    24.93000    24.94000    24.95000

 Columns 2497 through 2504:

    24.96000    24.97000    24.98000    24.99000    25.00000    25.01000    25.02000    25.03000

 Columns 2505 through 2512:

    25.04000    25.05000    25.06000    25.07000    25.08000    25.09000    25.10000    25.11000

 Columns 2513 through 2520:

    25.12000    25.13000    25.14000    25.15000    25.16000    25.17000    25.18000    25.19000

 Columns 2521 through 2528:

    25.20000    25.21000    25.22000    25.23000    25.24000    25.25000    25.26000    25.27000

 Columns 2529 through 2536:

    25.28000    25.29000    25.30000    25.31000    25.32000    25.33000    25.34000    25.35000

 Columns 2537 through 2544:

    25.36000    25.37000    25.38000    25.39000    25.40000    25.41000    25.42000    25.43000

 Columns 2545 through 2552:

    25.44000    25.45000    25.46000    25.47000    25.48000    25.49000    25.50000    25.51000

 Columns 2553 through 2560:

    25.52000    25.53000    25.54000    25.55000    25.56000    25.57000    25.58000    25.59000

 Columns 2561 through 2568:

    25.60000    25.61000    25.62000    25.63000    25.64000    25.65000    25.66000    25.67000

 Columns 2569 through 2576:

    25.68000    25.69000    25.70000    25.71000    25.72000    25.73000    25.74000    25.75000

 Columns 2577 through 2584:

    25.76000    25.77000    25.78000    25.79000    25.80000    25.81000    25.82000    25.83000

 Columns 2585 through 2592:

    25.84000    25.85000    25.86000    25.87000    25.88000    25.89000    25.90000    25.91000

 Columns 2593 through 2600:

    25.92000    25.93000    25.94000    25.95000    25.96000    25.97000    25.98000    25.99000

 Columns 2601 through 2608:

    26.00000    26.01000    26.02000    26.03000    26.04000    26.05000    26.06000    26.07000

 Columns 2609 through 2616:

    26.08000    26.09000    26.10000    26.11000    26.12000    26.13000    26.14000    26.15000

 Columns 2617 through 2624:

    26.16000    26.17000    26.18000    26.19000    26.20000    26.21000    26.22000    26.23000

 Columns 2625 through 2632:

    26.24000    26.25000    26.26000    26.27000    26.28000    26.29000    26.30000    26.31000

 Columns 2633 through 2640:

    26.32000    26.33000    26.34000    26.35000    26.36000    26.37000    26.38000    26.39000

 Columns 2641 through 2648:

    26.40000    26.41000    26.42000    26.43000    26.44000    26.45000    26.46000    26.47000

 Columns 2649 through 2656:

    26.48000    26.49000    26.50000    26.51000    26.52000    26.53000    26.54000    26.55000

 Columns 2657 through 2664:

    26.56000    26.57000    26.58000    26.59000    26.60000    26.61000    26.62000    26.63000

 Columns 2665 through 2672:

    26.64000    26.65000    26.66000    26.67000    26.68000    26.69000    26.70000    26.71000

 Columns 2673 through 2680:

    26.72000    26.73000    26.74000    26.75000    26.76000    26.77000    26.78000    26.79000

 Columns 2681 through 2688:

    26.80000    26.81000    26.82000    26.83000    26.84000    26.85000    26.86000    26.87000

 Columns 2689 through 2696:

    26.88000    26.89000    26.90000    26.91000    26.92000    26.93000    26.94000    26.95000

 Columns 2697 through 2704:

    26.96000    26.97000    26.98000    26.99000    27.00000    27.01000    27.02000    27.03000

 Columns 2705 through 2712:

    27.04000    27.05000    27.06000    27.07000    27.08000    27.09000    27.10000    27.11000

 Columns 2713 through 2720:

    27.12000    27.13000    27.14000    27.15000    27.16000    27.17000    27.18000    27.19000

 Columns 2721 through 2728:

    27.20000    27.21000    27.22000    27.23000    27.24000    27.25000    27.26000    27.27000

 Columns 2729 through 2736:

    27.28000    27.29000    27.30000    27.31000    27.32000    27.33000    27.34000    27.35000

 Columns 2737 through 2744:

    27.36000    27.37000    27.38000    27.39000    27.40000    27.41000    27.42000    27.43000

 Columns 2745 through 2752:

    27.44000    27.45000    27.46000    27.47000    27.48000    27.49000    27.50000    27.51000

 Columns 2753 through 2760:

    27.52000    27.53000    27.54000    27.55000    27.56000    27.57000    27.58000    27.59000

 Columns 2761 through 2768:

    27.60000    27.61000    27.62000    27.63000    27.64000    27.65000    27.66000    27.67000

 Columns 2769 through 2776:

    27.68000    27.69000    27.70000    27.71000    27.72000    27.73000    27.74000    27.75000

 Columns 2777 through 2784:

    27.76000    27.77000    27.78000    27.79000    27.80000    27.81000    27.82000    27.83000

 Columns 2785 through 2792:

    27.84000    27.85000    27.86000    27.87000    27.88000    27.89000    27.90000    27.91000

 Columns 2793 through 2800:

    27.92000    27.93000    27.94000    27.95000    27.96000    27.97000    27.98000    27.99000

 Columns 2801 through 2808:

    28.00000    28.01000    28.02000    28.03000    28.04000    28.05000    28.06000    28.07000

 Columns 2809 through 2816:

    28.08000    28.09000    28.10000    28.11000    28.12000    28.13000    28.14000    28.15000

 Columns 2817 through 2824:

    28.16000    28.17000    28.18000    28.19000    28.20000    28.21000    28.22000    28.23000

 Columns 2825 through 2832:

    28.24000    28.25000    28.26000    28.27000    28.28000    28.29000    28.30000    28.31000

 Columns 2833 through 2840:

    28.32000    28.33000    28.34000    28.35000    28.36000    28.37000    28.38000    28.39000

 Columns 2841 through 2848:

    28.40000    28.41000    28.42000    28.43000    28.44000    28.45000    28.46000    28.47000

 Columns 2849 through 2856:

    28.48000    28.49000    28.50000    28.51000    28.52000    28.53000    28.54000    28.55000

 Columns 2857 through 2864:

    28.56000    28.57000    28.58000    28.59000    28.60000    28.61000    28.62000    28.63000

 Columns 2865 through 2872:

    28.64000    28.65000    28.66000    28.67000    28.68000    28.69000    28.70000    28.71000

 Columns 2873 through 2880:

    28.72000    28.73000    28.74000    28.75000    28.76000    28.77000    28.78000    28.79000

 Columns 2881 through 2888:

    28.80000    28.81000    28.82000    28.83000    28.84000    28.85000    28.86000    28.87000

 Columns 2889 through 2896:

    28.88000    28.89000    28.90000    28.91000    28.92000    28.93000    28.94000    28.95000

 Columns 2897 through 2904:

    28.96000    28.97000    28.98000    28.99000    29.00000    29.01000    29.02000    29.03000

 Columns 2905 through 2912:

    29.04000    29.05000    29.06000    29.07000    29.08000    29.09000    29.10000    29.11000

 Columns 2913 through 2920:

    29.12000    29.13000    29.14000    29.15000    29.16000    29.17000    29.18000    29.19000

 Columns 2921 through 2928:

    29.20000    29.21000    29.22000    29.23000    29.24000    29.25000    29.26000    29.27000

 Columns 2929 through 2936:

    29.28000    29.29000    29.30000    29.31000    29.32000    29.33000    29.34000    29.35000

 Columns 2937 through 2944:

    29.36000    29.37000    29.38000    29.39000    29.40000    29.41000    29.42000    29.43000

 Columns 2945 through 2952:

    29.44000    29.45000    29.46000    29.47000    29.48000    29.49000    29.50000    29.51000

 Columns 2953 through 2960:

    29.52000    29.53000    29.54000    29.55000    29.56000    29.57000    29.58000    29.59000

 Columns 2961 through 2968:

    29.60000    29.61000    29.62000    29.63000    29.64000    29.65000    29.66000    29.67000

 Columns 2969 through 2976:

    29.68000    29.69000    29.70000    29.71000    29.72000    29.73000    29.74000    29.75000

 Columns 2977 through 2984:

    29.76000    29.77000    29.78000    29.79000    29.80000    29.81000    29.82000    29.83000

 Columns 2985 through 2992:

    29.84000    29.85000    29.86000    29.87000    29.88000    29.89000    29.90000    29.91000

 Columns 2993 through 3000:

    29.92000    29.93000    29.94000    29.95000    29.96000    29.97000    29.98000    29.99000

 Columns 3001 through 3008:

    30.00000    30.01000    30.02000    30.03000    30.04000    30.05000    30.06000    30.07000

 Columns 3009 through 3016:

    30.08000    30.09000    30.10000    30.11000    30.12000    30.13000    30.14000    30.15000

 Columns 3017 through 3024:

    30.16000    30.17000    30.18000    30.19000    30.20000    30.21000    30.22000    30.23000

 Columns 3025 through 3032:

    30.24000    30.25000    30.26000    30.27000    30.28000    30.29000    30.30000    30.31000

 Columns 3033 through 3040:

    30.32000    30.33000    30.34000    30.35000    30.36000    30.37000    30.38000    30.39000

 Columns 3041 through 3048:

    30.40000    30.41000    30.42000    30.43000    30.44000    30.45000    30.46000    30.47000

 Columns 3049 through 3056:

    30.48000    30.49000    30.50000    30.51000    30.52000    30.53000    30.54000    30.55000

 Columns 3057 through 3064:

    30.56000    30.57000    30.58000    30.59000    30.60000    30.61000    30.62000    30.63000

 Columns 3065 through 3072:

    30.64000    30.65000    30.66000    30.67000    30.68000    30.69000    30.70000    30.71000

 Columns 3073 through 3080:

    30.72000    30.73000    30.74000    30.75000    30.76000    30.77000    30.78000    30.79000

 Columns 3081 through 3088:

    30.80000    30.81000    30.82000    30.83000    30.84000    30.85000    30.86000    30.87000

 Columns 3089 through 3096:

    30.88000    30.89000    30.90000    30.91000    30.92000    30.93000    30.94000    30.95000

 Columns 3097 through 3104:

    30.96000    30.97000    30.98000    30.99000    31.00000    31.01000    31.02000    31.03000

 Columns 3105 through 3112:

    31.04000    31.05000    31.06000    31.07000    31.08000    31.09000    31.10000    31.11000

 Columns 3113 through 3120:

    31.12000    31.13000    31.14000    31.15000    31.16000    31.17000    31.18000    31.19000

 Columns 3121 through 3128:

    31.20000    31.21000    31.22000    31.23000    31.24000    31.25000    31.26000    31.27000

 Columns 3129 through 3136:

    31.28000    31.29000    31.30000    31.31000    31.32000    31.33000    31.34000    31.35000

 Columns 3137 through 3142:

    31.36000    31.37000    31.38000    31.39000    31.40000    31.41000

octave:25> plot(x(t, 1, 1), y(t, 1, 1))
octave:26> plot(y(t, 1, 1), x(t, 1, 1))
octave:27> plot(y(t, 4, 3), x(t, 1, 1))
octave:28> plot(y(t, 5, 7), x(t, 1, 1))
octave:29> plot(y(t, 1, 2), x(t, 1, 1))
octave:30> plot(x(t, 1, 2), y(t, 1, 2))
octave:31> plot(x(t, 5, 7), y(t, 5, 7))
octave:32> plot(x(t, 2, 3), y(t, 2, 3))
octave:33> plot(x(t, 2, 1), y(t, 2, 1))
octave:34> plot(x(t, 2, 2), y(t, 2, 2))
octave:35> plot(x(t, 2, 4), y(t, 2, 4))
octave:36> plot(x(t, 4, 2), y(t, 4, 2))
octave:37> plot(x(t, 2, 1), y(t, 2, 1))
octave:38> plot(x(t, 4, 1), y(t, 4, 1))
octave:39> plot(x(t, 8, 1), y(t, 8, 1))
octave:40> plot(x(t, 16, 1), y(t, 16, 1))
octave:41> plot(x(t, 1024, 1), y(t, 1024, 1))
octave:42> plot(x(t, 256, 1), y(t, 256, 1))
octave:43> plot(x(t, 64, 1), y(t, 64, 1))
octave:44> plot(x(t, 64, 1), y(t, 64, 1))
octave:45> plot(x(t, 2, 1), y(t, 2, 1))
octave:46> hold on
octave:47> plot(x(t, 64, 1), y(t, 64, 1))
octave:48> plot(x(t, 64, 1), y(t, 64, 1))
octave:49> plot(x(t, 64, 1), y(t, 64, 1))
octave:50> plot(x(t, 64, 1), y(t, 64, 1))
octave:51> plot(x(t, 64, 1), y(t, 64, 1))
octave:52> hold off
octave:53> hold off
octave:54> plot(x(t, 64, 1), y(t, 64, 1))
octave:55> clf
octave:56> plot(x(t, 64, 1), y(t, 64, 1))
octave:57> clc
octave:58> clc
octave:59> clf
octave:60> plot(x(t, 64, 1), y(t, 64, 1))
octave:61> plot(x(t, 12, 1), y(t, 12, 1))
octave:62> plot(x(t, 12, 1), y(t, 12, 1))
octave:63> exit

